parser_misc Summary:
AST Parsed     : 49/49 (100.00%)
Positive Passed: 48/49 (97.96%)
Negative Passed: 91/91 (100.00%)
Expect to Parse: tasks/coverage/misc/pass/oxc-11487.cjs

  × Cannot use `await` as an identifier in an async context
   ╭─[misc/pass/oxc-11487.cjs:1:8]
 1 │ async (await) => {};
   ·        ─────
   ╰────


  × Cannot assign to 'arguments' in strict mode
   ╭─[misc/fail/arguments-eval.ts:1:10]
 1 │ function arguments() {}
   ·          ─────────
 2 │ function eval() {}
   ╰────

  × Cannot assign to 'eval' in strict mode
   ╭─[misc/fail/arguments-eval.ts:2:10]
 1 │ function arguments() {}
 2 │ function eval() {}
   ·          ────
 3 │ 
   ╰────

  × Cannot assign to 'arguments' in strict mode
   ╭─[misc/fail/arguments-eval.ts:4:16]
 3 │ 
 4 │ function foo({ arguments }) {}
   ·                ─────────
 5 │ function foo2([arguments]) {}
   ╰────

  × Cannot assign to 'arguments' in strict mode
   ╭─[misc/fail/arguments-eval.ts:5:16]
 4 │ function foo({ arguments }) {}
 5 │ function foo2([arguments]) {}
   ·                ─────────
 6 │ function foo3({ eval }) {}
   ╰────

  × Cannot assign to 'eval' in strict mode
   ╭─[misc/fail/arguments-eval.ts:6:17]
 5 │ function foo2([arguments]) {}
 6 │ function foo3({ eval }) {}
   ·                 ────
 7 │ function foo4([eval]) {}
   ╰────

  × Cannot assign to 'eval' in strict mode
   ╭─[misc/fail/arguments-eval.ts:7:16]
 6 │ function foo3({ eval }) {}
 7 │ function foo4([eval]) {}
   ·                ────
 8 │ 
   ╰────

  × Identifier `b` has already been declared
   ╭─[misc/fail/oxc-10159.js:2:9]
 1 │ function a() {
 2 │   class b {}
   ·         ┬
   ·         ╰── `b` has already been declared here
 3 │   function b() {}
   ·            ┬
   ·            ╰── It can not be redeclared here
 4 │ }
   ╰────

  × Unexpected token
   ╭─[misc/fail/oxc-10638.js:2:1]
 1 │ for(
 2 │ in
   · ──
   ╰────

  × Unexpected token
   ╭─[misc/fail/oxc-10639.js:1:1]
 1 │ <<Ç
   · ──
   ╰────

  × Unexpected token
   ╭─[misc/fail/oxc-10977.ts:1:9]
 1 │ class{h:<=Ö
   ·         ──
   ╰────

  × Expected `from` but found `EOF`
   ╭─[misc/fail/oxc-11453.js:2:1]
 1 │ export import
   ╰────

  × Decorators may not appear after 'export' or 'export default' if they also appear before 'export'.
   ╭─[misc/fail/oxc-11472.js:1:14]
 1 │ @dec1 export @dec2 class C {}
   ·              ─────
 2 │ 
   ╰────

  × Decorators may not appear after 'export' or 'export default' if they also appear before 'export'.
   ╭─[misc/fail/oxc-11472.js:3:22]
 2 │ 
 3 │ @dec1 export default @dec2 class {}
   ·                      ─────
   ╰────

  × Expected `from` but found `EOF`
   ╭─[misc/fail/oxc-11484.ts:2:1]
 1 │ import { type as as }
   ╰────

  × Decorators are not valid here.
   ╭─[misc/fail/oxc-11485.js:2:10]
 1 │ class C {
 2 │   method(@foo x) {}
   ·          ────
 3 │ }
   ╰────

  × Decorators are not valid here.
   ╭─[misc/fail/oxc-11485.ts:2:10]
 1 │ var obj = {
 2 │   method(@foo x) {},
   ·          ────
 3 │ };
   ╰────

  × Decorators are not valid here.
   ╭─[misc/fail/oxc-11485.ts:5:17]
 4 │ 
 5 │ function method(@foo x) {}
   ·                 ────
   ╰────

  × Unexpected token
   ╭─[misc/fail/oxc-11487.mjs:1:13]
 1 │ async await => {}
   ·             ──
   ╰────

  × Expected `from` but found `{`
   ╭─[misc/fail/oxc-11532.js:1:15]
 1 │ import source { x } from 'x';
   ·               ┬
   ·               ╰── `from` expected
 2 │ import defer { x } from "x";
   ╰────

  × Expected `}` but found `function`
   ╭─[misc/fail/oxc-11538.js:1:20]
 1 │ const y = `foo ${x function() {} function () {}}`;
   ·                    ────┬───
   ·                        ╰── `}` expected
   ╰────

  × Unexpected token
   ╭─[misc/fail/oxc-11592-1.ts:1:11]
 1 │ namespace "a" {}
   ·           ───
   ╰────

  × Unexpected token
   ╭─[misc/fail/oxc-11592-2.ts:1:11]
 1 │ namespace "a";
   ·           ───
 2 │ 
   ╰────

  × Expected `{` but found `;`
   ╭─[misc/fail/oxc-11592-3.ts:1:12]
 1 │ namespace a;
   ·            ┬
   ·            ╰── `{` expected
   ╰────

  × TS(1070): 'abstract' modifier cannot appear on a type member.
   ╭─[misc/fail/oxc-11713-1.ts:2:2]
 1 │ interface Foo {
 2 │     abstract method();
   ·     ────────
 3 │ }
   ╰────

  × TS(1070): 'async' modifier cannot appear on a type member.
   ╭─[misc/fail/oxc-11713-10.ts:2:2]
 1 │ interface Foo {
 2 │     async property;
   ·     ─────
 3 │ }
   ╰────

  × TS(1070): 'const' modifier cannot appear on a type member.
   ╭─[misc/fail/oxc-11713-11.ts:2:2]
 1 │ interface Foo {
 2 │     const method();
   ·     ─────
 3 │ }
   ╰────

  × TS(1070): 'const' modifier cannot appear on a type member.
   ╭─[misc/fail/oxc-11713-12.ts:2:2]
 1 │ interface Foo {
 2 │     const property;
   ·     ─────
 3 │ }
   ╰────

  × TS(1071): 'const' modifier cannot appear on an index signature.
   ╭─[misc/fail/oxc-11713-13.ts:2:3]
 1 │ interface Foo {
 2 │   const [index: string]: number
   ·   ─────
 3 │ }
   ╰────

  × TS(1071): 'const' modifier cannot appear on an index signature.
   ╭─[misc/fail/oxc-11713-14.ts:2:2]
 1 │ const foo: {
 2 │     const [index: string] : string
   ·     ─────
 3 │ } = {};
   ╰────

  × TS(1070): 'declare' modifier cannot appear on a type member.
   ╭─[misc/fail/oxc-11713-15.ts:2:2]
 1 │ interface Foo {
 2 │     declare method();
   ·     ───────
 3 │ }
   ╰────

  × TS(1070): 'declare' modifier cannot appear on a type member.
   ╭─[misc/fail/oxc-11713-16.ts:2:2]
 1 │ interface Foo {
 2 │     declare property;
   ·     ───────
 3 │ }
   ╰────

  × TS(1070): 'default' modifier cannot appear on a type member.
   ╭─[misc/fail/oxc-11713-17.ts:2:2]
 1 │ interface Foo {
 2 │     default method();
   ·     ───────
 3 │ }
   ╰────

  × TS(1070): 'default' modifier cannot appear on a type member.
   ╭─[misc/fail/oxc-11713-18.ts:2:2]
 1 │ interface Foo {
 2 │     default property;
   ·     ───────
 3 │ }
   ╰────

  × TS(1071): 'default' modifier cannot appear on an index signature.
   ╭─[misc/fail/oxc-11713-19.ts:2:2]
 1 │ interface Foo {
 2 │     default [index: string]: number
   ·     ───────
 3 │ }
   ╰────

  × TS(1070): 'static' modifier cannot appear on a type member.
   ╭─[misc/fail/oxc-11713-2.ts:2:2]
 1 │ type Foo = {
 2 │     static bar;
   ·     ──────
 3 │ }
   ╰────

  × TS(1071): 'default' modifier cannot appear on an index signature.
   ╭─[misc/fail/oxc-11713-20.ts:2:2]
 1 │ const foo: {
 2 │     default [index: string] : string
   ·     ───────
 3 │ } = {};
   ╰────

  × TS(1070): 'export' modifier cannot appear on a type member.
   ╭─[misc/fail/oxc-11713-21.ts:2:2]
 1 │ interface Foo {
 2 │     export method();
   ·     ──────
 3 │ }
   ╰────

  × TS(1070): 'export' modifier cannot appear on a type member.
   ╭─[misc/fail/oxc-11713-22.ts:2:2]
 1 │ interface Foo {
 2 │     export property;
   ·     ──────
 3 │ }
   ╰────

  × TS(1024): 'readonly' modifier can only appear on a property declaration or index signature.
   ╭─[misc/fail/oxc-11713-23.ts:2:3]
 1 │ interface Foo {
 2 │   readonly method();
   ·   ────────
 3 │ }
   ╰────

  × TS(1031): 'declare' modifier cannot appear on class elements of this kind.
   ╭─[misc/fail/oxc-11713-24.ts:2:3]
 1 │ class Foo {
 2 │   declare method() {}
   ·   ───────
 3 │ }
   ╰────

  × TS(1024): 'readonly' modifier can only appear on a property declaration or index signature.
   ╭─[misc/fail/oxc-11713-25.ts:2:3]
 1 │ class Foo {
 2 │   readonly method() {}
   ·   ────────
 3 │ }
   ╰────

  × TS(1090): 'readonly' modifier cannot appear on a parameter.
   ╭─[misc/fail/oxc-11713-26.ts:1:14]
 1 │ function foo(readonly parameter) {}
   ·              ────────
   ╰────

  × TS(1090): 'readonly' modifier cannot appear on a parameter.
   ╭─[misc/fail/oxc-11713-27.ts:1:20]
 1 │ class Foo { method(readonly parameter) {} }
   ·                    ────────
   ╰────

  × TS(1090): 'private' modifier cannot appear on a parameter.
   ╭─[misc/fail/oxc-11713-3.ts:1:14]
 1 │ function foo(private parameter) {}
   ·              ───────
   ╰────

  × 'declare' modifier cannot be used here.
   ╭─[misc/fail/oxc-11713-4.ts:2:2]
 1 │ class Foo {
 2 │     declare get getter() {}
   ·     ───────
 3 │ }
   ╰────

  × TS(1070): 'abstract' modifier cannot appear on a type member.
   ╭─[misc/fail/oxc-11713-5.ts:2:2]
 1 │ interface Foo {
 2 │     abstract method();
   ·     ────────
 3 │ }
   ╰────

  × TS(1070): 'abstract' modifier cannot appear on a type member.
   ╭─[misc/fail/oxc-11713-6.ts:2:2]
 1 │ interface Foo {
 2 │     abstract property;
   ·     ────────
 3 │ }
   ╰────

  × TS(1070): 'accessor' modifier cannot appear on a type member.
   ╭─[misc/fail/oxc-11713-7.ts:2:2]
 1 │ interface Foo {
 2 │     accessor method();
   ·     ────────
 3 │ }
   ╰────

  × TS(1070): 'accessor' modifier cannot appear on a type member.
   ╭─[misc/fail/oxc-11713-8.ts:2:2]
 1 │ interface Foo {
 2 │     accessor property;
   ·     ────────
 3 │ }
   ╰────

  × TS(1070): 'async' modifier cannot appear on a type member.
   ╭─[misc/fail/oxc-11713-9.ts:2:2]
 1 │ interface Foo {
 2 │     async method();
   ·     ─────
 3 │ }
   ╰────

  × TS(1098): Type parameter list cannot be empty.
   ╭─[misc/fail/oxc-11789-1.ts:1:12]
 1 │ interface i<>implements 
   ·            ──
   ╰────

  × Unexpected token
   ╭─[misc/fail/oxc-11789-1.ts:1:25]
 1 │ interface i<>implements 
   ╰────

  × TS(1098): Type parameter list cannot be empty.
   ╭─[misc/fail/oxc-11789-2.ts:1:12]
 1 │ interface i<>implements K {}
   ·            ──
   ╰────

  × TS(1176): Interface declaration cannot have 'implements' clause.
   ╭─[misc/fail/oxc-11789-2.ts:1:14]
 1 │ interface i<>implements K {}
   ·              ──────────
   ╰────

  × Unterminated regular expression
   ╭─[misc/fail/oxc-12546-1.ts:1:25]
 1 │ interface Props extends /MenuProps {
   ·                         ─────────────
 2 │   collapse?: boolean;
 3 │   menus: MenuRecordRaw[];
   ╰────

  × Unterminated regular expression
   ╭─[misc/fail/oxc-12546-2.ts:1:21]
 1 │ class Props extends /MenuProps {
   ·                     ─────────────
 2 │ }
   ╰────

  × Cannot assign to this expression
   ╭─[misc/fail/oxc-12612-1.ts:1:2]
 1 │ (foo() as bar) = 123;
   ·  ────────────
   ╰────

  × Cannot assign to this expression
   ╭─[misc/fail/oxc-12612-2.ts:1:2]
 1 │ (<any>foo()) = 123;
   ·  ──────────
   ╰────

  × Cannot assign to this expression
   ╭─[misc/fail/oxc-12612-3.ts:1:2]
 1 │ (foo() satisfies any) = 123;
   ·  ───────────────────
   ╰────

  × Cannot assign to this expression
   ╭─[misc/fail/oxc-12612-4.ts:1:2]
 1 │ (foo() as number as any) = 123;
   ·  ──────────────────────
   ╰────

  × Invalid Unicode escape sequence
   ╭─[misc/fail/oxc-12816.ts:1:6]
 1 │ {if(\ ()<1){}}
   ·      ─
   ╰────

  × Super calls are not permitted outside constructors or in nested functions inside constructors.
   ╭─[misc/fail/oxc-13284-1.js:2:1]
 1 │ // `super()` not in a class or object method
 2 │ super();
   · ───────
 3 │ () => () => 123 + super();
   ╰────

  × Super calls are not permitted outside constructors or in nested functions inside constructors.
   ╭─[misc/fail/oxc-13284-1.js:3:19]
 2 │ super();
 3 │ () => () => 123 + super();
   ·                   ───────
 4 │ if (true) {
   ╰────

  × Super calls are not permitted outside constructors or in nested functions inside constructors.
   ╭─[misc/fail/oxc-13284-1.js:7:7]
 6 │     {
 7 │       super();
   ·       ───────
 8 │     }
   ╰────

  × Super calls are not permitted outside constructors or in nested functions inside constructors.
    ╭─[misc/fail/oxc-13284-1.js:12:10]
 11 │ () =>
 12 │   (arg = super()) => {
    ·          ───────
 13 │     super();
    ╰────

  × Super calls are not permitted outside constructors or in nested functions inside constructors.
    ╭─[misc/fail/oxc-13284-1.js:13:5]
 12 │   (arg = super()) => {
 13 │     super();
    ·     ───────
 14 │     () => () => 123 + super();
    ╰────

  × Super calls are not permitted outside constructors or in nested functions inside constructors.
    ╭─[misc/fail/oxc-13284-1.js:14:23]
 13 │     super();
 14 │     () => () => 123 + super();
    ·                       ───────
 15 │     if (true) {
    ╰────

  × Super calls are not permitted outside constructors or in nested functions inside constructors.
    ╭─[misc/fail/oxc-13284-1.js:18:11]
 17 │         {
 18 │           super();
    ·           ───────
 19 │         }
    ╰────

  × Super calls are not permitted outside constructors or in nested functions inside constructors.
    ╭─[misc/fail/oxc-13284-1.js:25:18]
 24 │ // `super()` in a function
 25 │ function f(arg = super()) {
    ·                  ───────
 26 │   super();
    ╰────

  × Super calls are not permitted outside constructors or in nested functions inside constructors.
    ╭─[misc/fail/oxc-13284-1.js:26:3]
 25 │ function f(arg = super()) {
 26 │   super();
    ·   ───────
 27 │   () => () => 123 + super();
    ╰────

  × Super calls are not permitted outside constructors or in nested functions inside constructors.
    ╭─[misc/fail/oxc-13284-1.js:27:21]
 26 │   super();
 27 │   () => () => 123 + super();
    ·                     ───────
 28 │   if (true) {
    ╰────

  × Super calls are not permitted outside constructors or in nested functions inside constructors.
    ╭─[misc/fail/oxc-13284-1.js:31:9]
 30 │       {
 31 │         super();
    ·         ───────
 32 │       }
    ╰────

  × Super calls are not permitted outside constructors or in nested functions inside constructors.
    ╭─[misc/fail/oxc-13284-1.js:36:21]
 35 │ }
 36 │ f = function (arg = super()) {
    ·                     ───────
 37 │   super();
    ╰────

  × Super calls are not permitted outside constructors or in nested functions inside constructors.
    ╭─[misc/fail/oxc-13284-1.js:37:3]
 36 │ f = function (arg = super()) {
 37 │   super();
    ·   ───────
 38 │   () => () => 123 + super();
    ╰────

  × Super calls are not permitted outside constructors or in nested functions inside constructors.
    ╭─[misc/fail/oxc-13284-1.js:38:21]
 37 │   super();
 38 │   () => () => 123 + super();
    ·                     ───────
 39 │   if (true) {
    ╰────

  × Super calls are not permitted outside constructors or in nested functions inside constructors.
    ╭─[misc/fail/oxc-13284-1.js:42:9]
 41 │       {
 42 │         super();
    ·         ───────
 43 │       }
    ╰────

  × 'super' can only be referenced in a derived class.
    ╭─[misc/fail/oxc-13284-1.js:49:1]
 48 │     // `super()` in class constructor of class without super class
 49 │ ╭─▶ class A {
 50 │ │     constructor(arg = super()) {
    · │                       ─────
 51 │ │       super();
 52 │ │       () =>
 53 │ │         (arg = super()) =>
 54 │ │           123 + super();
 55 │ │       if (true) {
 56 │ │         while (false) {
 57 │ │           {
 58 │ │             super();
 59 │ │           }
 60 │ │         }
 61 │ │       }
 62 │ │     }
 63 │ ├─▶ }
    · ╰──── class does not have `extends`
 64 │     
    ╰────
  help: either remove this super, or extend the class

  × 'super' can only be referenced in a derived class.
    ╭─[misc/fail/oxc-13284-1.js:49:1]
 48 │     // `super()` in class constructor of class without super class
 49 │ ╭─▶ class A {
 50 │ │     constructor(arg = super()) {
 51 │ │       super();
    · │       ─────
 52 │ │       () =>
 53 │ │         (arg = super()) =>
 54 │ │           123 + super();
 55 │ │       if (true) {
 56 │ │         while (false) {
 57 │ │           {
 58 │ │             super();
 59 │ │           }
 60 │ │         }
 61 │ │       }
 62 │ │     }
 63 │ ├─▶ }
    · ╰──── class does not have `extends`
 64 │     
    ╰────
  help: either remove this super, or extend the class

  × 'super' can only be referenced in a derived class.
    ╭─[misc/fail/oxc-13284-1.js:49:1]
 48 │     // `super()` in class constructor of class without super class
 49 │ ╭─▶ class A {
 50 │ │     constructor(arg = super()) {
 51 │ │       super();
 52 │ │       () =>
 53 │ │         (arg = super()) =>
    · │                ─────
 54 │ │           123 + super();
 55 │ │       if (true) {
 56 │ │         while (false) {
 57 │ │           {
 58 │ │             super();
 59 │ │           }
 60 │ │         }
 61 │ │       }
 62 │ │     }
 63 │ ├─▶ }
    · ╰──── class does not have `extends`
 64 │     
    ╰────
  help: either remove this super, or extend the class

  × 'super' can only be referenced in a derived class.
    ╭─[misc/fail/oxc-13284-1.js:49:1]
 48 │     // `super()` in class constructor of class without super class
 49 │ ╭─▶ class A {
 50 │ │     constructor(arg = super()) {
 51 │ │       super();
 52 │ │       () =>
 53 │ │         (arg = super()) =>
 54 │ │           123 + super();
    · │                 ─────
 55 │ │       if (true) {
 56 │ │         while (false) {
 57 │ │           {
 58 │ │             super();
 59 │ │           }
 60 │ │         }
 61 │ │       }
 62 │ │     }
 63 │ ├─▶ }
    · ╰──── class does not have `extends`
 64 │     
    ╰────
  help: either remove this super, or extend the class

  × 'super' can only be referenced in a derived class.
    ╭─[misc/fail/oxc-13284-1.js:49:1]
 48 │     // `super()` in class constructor of class without super class
 49 │ ╭─▶ class A {
 50 │ │     constructor(arg = super()) {
 51 │ │       super();
 52 │ │       () =>
 53 │ │         (arg = super()) =>
 54 │ │           123 + super();
 55 │ │       if (true) {
 56 │ │         while (false) {
 57 │ │           {
 58 │ │             super();
    · │             ─────
 59 │ │           }
 60 │ │         }
 61 │ │       }
 62 │ │     }
 63 │ ├─▶ }
    · ╰──── class does not have `extends`
 64 │     
    ╰────
  help: either remove this super, or extend the class

  × Super calls are not permitted outside constructors or in nested functions inside constructors.
    ╭─[misc/fail/oxc-13284-1.js:67:10]
 66 │ class B extends Super {
 67 │   prop = super();
    ·          ───────
 68 │   static prop =
    ╰────

  × Super calls are not permitted outside constructors or in nested functions inside constructors.
    ╭─[misc/fail/oxc-13284-1.js:70:12]
 69 │     () =>
 70 │     (arg = super()) =>
    ·            ───────
 71 │       123 + super();
    ╰────

  × Super calls are not permitted outside constructors or in nested functions inside constructors.
    ╭─[misc/fail/oxc-13284-1.js:71:13]
 70 │     (arg = super()) =>
 71 │       123 + super();
    ·             ───────
 72 │ 
    ╰────

  × Super calls are not permitted outside constructors or in nested functions inside constructors.
    ╭─[misc/fail/oxc-13284-1.js:73:21]
 72 │ 
 73 │   accessor access = super();
    ·                     ───────
 74 │   static accessor access = () => () => 123 + super();
    ╰────

  × Super calls are not permitted outside constructors or in nested functions inside constructors.
    ╭─[misc/fail/oxc-13284-1.js:74:46]
 73 │   accessor access = super();
 74 │   static accessor access = () => () => 123 + super();
    ·                                              ───────
 75 │ }
    ╰────

  × Super calls are not permitted outside constructors or in nested functions inside constructors.
    ╭─[misc/fail/oxc-13284-1.js:79:16]
 78 │ class C extends Super {
 79 │   method(arg = super()) {
    ·                ───────
 80 │     super();
    ╰────

  × Super calls are not permitted outside constructors or in nested functions inside constructors.
    ╭─[misc/fail/oxc-13284-1.js:80:5]
 79 │   method(arg = super()) {
 80 │     super();
    ·     ───────
 81 │     () =>
    ╰────

  × Super calls are not permitted outside constructors or in nested functions inside constructors.
    ╭─[misc/fail/oxc-13284-1.js:82:14]
 81 │     () =>
 82 │       (arg = super()) =>
    ·              ───────
 83 │         123 + super();
    ╰────

  × Super calls are not permitted outside constructors or in nested functions inside constructors.
    ╭─[misc/fail/oxc-13284-1.js:83:15]
 82 │       (arg = super()) =>
 83 │         123 + super();
    ·               ───────
 84 │     if (true) {
    ╰────

  × Super calls are not permitted outside constructors or in nested functions inside constructors.
    ╭─[misc/fail/oxc-13284-1.js:87:11]
 86 │         {
 87 │           super();
    ·           ───────
 88 │         }
    ╰────

  × Super calls are not permitted outside constructors or in nested functions inside constructors.
    ╭─[misc/fail/oxc-13284-1.js:93:23]
 92 │ 
 93 │   static method(arg = super()) {
    ·                       ───────
 94 │     super();
    ╰────

  × Super calls are not permitted outside constructors or in nested functions inside constructors.
    ╭─[misc/fail/oxc-13284-1.js:94:5]
 93 │   static method(arg = super()) {
 94 │     super();
    ·     ───────
 95 │     () =>
    ╰────

  × Super calls are not permitted outside constructors or in nested functions inside constructors.
    ╭─[misc/fail/oxc-13284-1.js:96:14]
 95 │     () =>
 96 │       (arg = super()) =>
    ·              ───────
 97 │         123 + super();
    ╰────

  × Super calls are not permitted outside constructors or in nested functions inside constructors.
    ╭─[misc/fail/oxc-13284-1.js:97:15]
 96 │       (arg = super()) =>
 97 │         123 + super();
    ·               ───────
 98 │     if (true) {
    ╰────

  × Super calls are not permitted outside constructors or in nested functions inside constructors.
     ╭─[misc/fail/oxc-13284-1.js:101:11]
 100 │         {
 101 │           super();
     ·           ───────
 102 │         }
     ╰────

  × Super calls are not permitted outside constructors or in nested functions inside constructors.
     ╭─[misc/fail/oxc-13284-1.js:107:15]
 106 │ 
 107 │   ["x"](arg = super()) {
     ·               ───────
 108 │     super();
     ╰────

  × Super calls are not permitted outside constructors or in nested functions inside constructors.
     ╭─[misc/fail/oxc-13284-1.js:108:5]
 107 │   ["x"](arg = super()) {
 108 │     super();
     ·     ───────
 109 │     () =>
     ╰────

  × Super calls are not permitted outside constructors or in nested functions inside constructors.
     ╭─[misc/fail/oxc-13284-1.js:110:14]
 109 │     () =>
 110 │       (arg = super()) =>
     ·              ───────
 111 │         123 + super();
     ╰────

  × Super calls are not permitted outside constructors or in nested functions inside constructors.
     ╭─[misc/fail/oxc-13284-1.js:111:15]
 110 │       (arg = super()) =>
 111 │         123 + super();
     ·               ───────
 112 │     if (true) {
     ╰────

  × Super calls are not permitted outside constructors or in nested functions inside constructors.
     ╭─[misc/fail/oxc-13284-1.js:115:11]
 114 │         {
 115 │           super();
     ·           ───────
 116 │         }
     ╰────

  × Super calls are not permitted outside constructors or in nested functions inside constructors.
     ╭─[misc/fail/oxc-13284-1.js:121:22]
 120 │ 
 121 │   static ["x"](arg = super()) {
     ·                      ───────
 122 │     super();
     ╰────

  × Super calls are not permitted outside constructors or in nested functions inside constructors.
     ╭─[misc/fail/oxc-13284-1.js:122:5]
 121 │   static ["x"](arg = super()) {
 122 │     super();
     ·     ───────
 123 │     () =>
     ╰────

  × Super calls are not permitted outside constructors or in nested functions inside constructors.
     ╭─[misc/fail/oxc-13284-1.js:124:14]
 123 │     () =>
 124 │       (arg = super()) =>
     ·              ───────
 125 │         123 + super();
     ╰────

  × Super calls are not permitted outside constructors or in nested functions inside constructors.
     ╭─[misc/fail/oxc-13284-1.js:125:15]
 124 │       (arg = super()) =>
 125 │         123 + super();
     ·               ───────
 126 │     if (true) {
     ╰────

  × Super calls are not permitted outside constructors or in nested functions inside constructors.
     ╭─[misc/fail/oxc-13284-1.js:129:11]
 128 │         {
 129 │           super();
     ·           ───────
 130 │         }
     ╰────

  × Super calls are not permitted outside constructors or in nested functions inside constructors.
     ╭─[misc/fail/oxc-13284-1.js:136:5]
 135 │   get y() {
 136 │     super();
     ·     ───────
 137 │     () =>
     ╰────

  × Super calls are not permitted outside constructors or in nested functions inside constructors.
     ╭─[misc/fail/oxc-13284-1.js:138:14]
 137 │     () =>
 138 │       (arg = super()) =>
     ·              ───────
 139 │         123 + super();
     ╰────

  × Super calls are not permitted outside constructors or in nested functions inside constructors.
     ╭─[misc/fail/oxc-13284-1.js:139:15]
 138 │       (arg = super()) =>
 139 │         123 + super();
     ·               ───────
 140 │     if (true) {
     ╰────

  × Super calls are not permitted outside constructors or in nested functions inside constructors.
     ╭─[misc/fail/oxc-13284-1.js:143:11]
 142 │         {
 143 │           super();
     ·           ───────
 144 │         }
     ╰────

  × Super calls are not permitted outside constructors or in nested functions inside constructors.
     ╭─[misc/fail/oxc-13284-1.js:149:15]
 148 │ 
 149 │   set y(arg = super()) {
     ·               ───────
 150 │     super();
     ╰────

  × Super calls are not permitted outside constructors or in nested functions inside constructors.
     ╭─[misc/fail/oxc-13284-1.js:150:5]
 149 │   set y(arg = super()) {
 150 │     super();
     ·     ───────
 151 │     () =>
     ╰────

  × Super calls are not permitted outside constructors or in nested functions inside constructors.
     ╭─[misc/fail/oxc-13284-1.js:152:14]
 151 │     () =>
 152 │       (arg = super()) =>
     ·              ───────
 153 │         123 + super();
     ╰────

  × Super calls are not permitted outside constructors or in nested functions inside constructors.
     ╭─[misc/fail/oxc-13284-1.js:153:15]
 152 │       (arg = super()) =>
 153 │         123 + super();
     ·               ───────
 154 │     if (true) {
     ╰────

  × Super calls are not permitted outside constructors or in nested functions inside constructors.
     ╭─[misc/fail/oxc-13284-1.js:157:11]
 156 │         {
 157 │           super();
     ·           ───────
 158 │         }
     ╰────

  × Super calls are not permitted outside constructors or in nested functions inside constructors.
     ╭─[misc/fail/oxc-13284-1.js:164:5]
 163 │   static get y() {
 164 │     super();
     ·     ───────
 165 │     () =>
     ╰────

  × Super calls are not permitted outside constructors or in nested functions inside constructors.
     ╭─[misc/fail/oxc-13284-1.js:166:14]
 165 │     () =>
 166 │       (arg = super()) =>
     ·              ───────
 167 │         123 + super();
     ╰────

  × Super calls are not permitted outside constructors or in nested functions inside constructors.
     ╭─[misc/fail/oxc-13284-1.js:167:15]
 166 │       (arg = super()) =>
 167 │         123 + super();
     ·               ───────
 168 │     if (true) {
     ╰────

  × Super calls are not permitted outside constructors or in nested functions inside constructors.
     ╭─[misc/fail/oxc-13284-1.js:171:11]
 170 │         {
 171 │           super();
     ·           ───────
 172 │         }
     ╰────

  × Super calls are not permitted outside constructors or in nested functions inside constructors.
     ╭─[misc/fail/oxc-13284-1.js:177:22]
 176 │ 
 177 │   static set y(arg = super()) {
     ·                      ───────
 178 │     super();
     ╰────

  × Super calls are not permitted outside constructors or in nested functions inside constructors.
     ╭─[misc/fail/oxc-13284-1.js:178:5]
 177 │   static set y(arg = super()) {
 178 │     super();
     ·     ───────
 179 │     () =>
     ╰────

  × Super calls are not permitted outside constructors or in nested functions inside constructors.
     ╭─[misc/fail/oxc-13284-1.js:180:14]
 179 │     () =>
 180 │       (arg = super()) =>
     ·              ───────
 181 │         123 + super();
     ╰────

  × Super calls are not permitted outside constructors or in nested functions inside constructors.
     ╭─[misc/fail/oxc-13284-1.js:181:15]
 180 │       (arg = super()) =>
 181 │         123 + super();
     ·               ───────
 182 │     if (true) {
     ╰────

  × Super calls are not permitted outside constructors or in nested functions inside constructors.
     ╭─[misc/fail/oxc-13284-1.js:185:11]
 184 │         {
 185 │           super();
     ·           ───────
 186 │         }
     ╰────

  × Super calls are not permitted outside constructors or in nested functions inside constructors.
     ╭─[misc/fail/oxc-13284-1.js:195:5]
 194 │   static {
 195 │     super();
     ·     ───────
 196 │     () =>
     ╰────

  × Super calls are not permitted outside constructors or in nested functions inside constructors.
     ╭─[misc/fail/oxc-13284-1.js:197:14]
 196 │     () =>
 197 │       (arg = super()) =>
     ·              ───────
 198 │         123 + super();
     ╰────

  × Super calls are not permitted outside constructors or in nested functions inside constructors.
     ╭─[misc/fail/oxc-13284-1.js:198:15]
 197 │       (arg = super()) =>
 198 │         123 + super();
     ·               ───────
 199 │     if (true) {
     ╰────

  × Super calls are not permitted outside constructors or in nested functions inside constructors.
     ╭─[misc/fail/oxc-13284-1.js:202:11]
 201 │         {
 202 │           super();
     ·           ───────
 203 │         }
     ╰────

  × Super calls are not permitted outside constructors or in nested functions inside constructors.
     ╭─[misc/fail/oxc-13284-1.js:212:26]
 211 │   constructor() {
 212 │     function inner(arg = super()) {
     ·                          ───────
 213 │       super();
     ╰────

  × Super calls are not permitted outside constructors or in nested functions inside constructors.
     ╭─[misc/fail/oxc-13284-1.js:213:7]
 212 │     function inner(arg = super()) {
 213 │       super();
     ·       ───────
 214 │       () =>
     ╰────

  × Super calls are not permitted outside constructors or in nested functions inside constructors.
     ╭─[misc/fail/oxc-13284-1.js:215:16]
 214 │       () =>
 215 │         (arg = super()) =>
     ·                ───────
 216 │           123 + super();
     ╰────

  × Super calls are not permitted outside constructors or in nested functions inside constructors.
     ╭─[misc/fail/oxc-13284-1.js:216:17]
 215 │         (arg = super()) =>
 216 │           123 + super();
     ·                 ───────
 217 │       if (true) {
     ╰────

  × Super calls are not permitted outside constructors or in nested functions inside constructors.
     ╭─[misc/fail/oxc-13284-1.js:220:13]
 219 │           {
 220 │             super();
     ·             ───────
 221 │           }
     ╰────

  × Super calls are not permitted outside constructors or in nested functions inside constructors.
     ╭─[misc/fail/oxc-13284-1.js:226:23]
 225 │     f = () =>
 226 │       function (arg = super()) {
     ·                       ───────
 227 │         super();
     ╰────

  × Super calls are not permitted outside constructors or in nested functions inside constructors.
     ╭─[misc/fail/oxc-13284-1.js:227:9]
 226 │       function (arg = super()) {
 227 │         super();
     ·         ───────
 228 │         () =>
     ╰────

  × Super calls are not permitted outside constructors or in nested functions inside constructors.
     ╭─[misc/fail/oxc-13284-1.js:229:18]
 228 │         () =>
 229 │           (arg = super()) =>
     ·                  ───────
 230 │             123 + super();
     ╰────

  × Super calls are not permitted outside constructors or in nested functions inside constructors.
     ╭─[misc/fail/oxc-13284-1.js:230:19]
 229 │           (arg = super()) =>
 230 │             123 + super();
     ·                   ───────
 231 │         if (true) {
     ╰────

  × Super calls are not permitted outside constructors or in nested functions inside constructors.
     ╭─[misc/fail/oxc-13284-1.js:234:15]
 233 │             {
 234 │               super();
     ·               ───────
 235 │             }
     ╰────

  × Super calls are not permitted outside constructors or in nested functions inside constructors.
     ╭─[misc/fail/oxc-13284-1.js:240:20]
 239 │     obj = {
 240 │       method(arg = super()) {
     ·                    ───────
 241 │         super();
     ╰────

  × Super calls are not permitted outside constructors or in nested functions inside constructors.
     ╭─[misc/fail/oxc-13284-1.js:241:9]
 240 │       method(arg = super()) {
 241 │         super();
     ·         ───────
 242 │         () =>
     ╰────

  × Super calls are not permitted outside constructors or in nested functions inside constructors.
     ╭─[misc/fail/oxc-13284-1.js:243:18]
 242 │         () =>
 243 │           (arg = super()) =>
     ·                  ───────
 244 │             123 + super();
     ╰────

  × Super calls are not permitted outside constructors or in nested functions inside constructors.
     ╭─[misc/fail/oxc-13284-1.js:244:19]
 243 │           (arg = super()) =>
 244 │             123 + super();
     ·                   ───────
 245 │         if (true) {
     ╰────

  × Super calls are not permitted outside constructors or in nested functions inside constructors.
     ╭─[misc/fail/oxc-13284-1.js:248:15]
 247 │             {
 248 │               super();
     ·               ───────
 249 │             }
     ╰────

  × Super calls are not permitted outside constructors or in nested functions inside constructors.
     ╭─[misc/fail/oxc-13284-1.js:253:19]
 252 │       },
 253 │       set x(arg = super()) {
     ·                   ───────
 254 │         super();
     ╰────

  × Super calls are not permitted outside constructors or in nested functions inside constructors.
     ╭─[misc/fail/oxc-13284-1.js:254:9]
 253 │       set x(arg = super()) {
 254 │         super();
     ·         ───────
 255 │         () =>
     ╰────

  × Super calls are not permitted outside constructors or in nested functions inside constructors.
     ╭─[misc/fail/oxc-13284-1.js:256:18]
 255 │         () =>
 256 │           (arg = super()) =>
     ·                  ───────
 257 │             123 + super();
     ╰────

  × Super calls are not permitted outside constructors or in nested functions inside constructors.
     ╭─[misc/fail/oxc-13284-1.js:257:19]
 256 │           (arg = super()) =>
 257 │             123 + super();
     ·                   ───────
 258 │         if (true) {
     ╰────

  × Super calls are not permitted outside constructors or in nested functions inside constructors.
     ╭─[misc/fail/oxc-13284-1.js:261:15]
 260 │             {
 261 │               super();
     ·               ───────
 262 │             }
     ╰────

  × Super calls are not permitted outside constructors or in nested functions inside constructors.
     ╭─[misc/fail/oxc-13284-1.js:272:4]
 271 │ class F extends Super {
 272 │   [super()] = 1;
     ·    ───────
 273 │   static [(arg = super()) => super()] = 2;
     ╰────

  × Super calls are not permitted outside constructors or in nested functions inside constructors.
     ╭─[misc/fail/oxc-13284-1.js:273:18]
 272 │   [super()] = 1;
 273 │   static [(arg = super()) => super()] = 2;
     ·                  ───────
 274 │   accessor [123 + super()] = 3;
     ╰────

  × Super calls are not permitted outside constructors or in nested functions inside constructors.
     ╭─[misc/fail/oxc-13284-1.js:273:30]
 272 │   [super()] = 1;
 273 │   static [(arg = super()) => super()] = 2;
     ·                              ───────
 274 │   accessor [123 + super()] = 3;
     ╰────

  × Super calls are not permitted outside constructors or in nested functions inside constructors.
     ╭─[misc/fail/oxc-13284-1.js:274:19]
 273 │   static [(arg = super()) => super()] = 2;
 274 │   accessor [123 + super()] = 3;
     ·                   ───────
 275 │   static accessor [() =>
     ╰────

  × Super calls are not permitted outside constructors or in nested functions inside constructors.
     ╭─[misc/fail/oxc-13284-1.js:276:12]
 275 │   static accessor [() =>
 276 │     (arg = super()) =>
     ·            ───────
 277 │       123 + super()] = 4;
     ╰────

  × Super calls are not permitted outside constructors or in nested functions inside constructors.
     ╭─[misc/fail/oxc-13284-1.js:277:13]
 276 │     (arg = super()) =>
 277 │       123 + super()] = 4;
     ·             ───────
 278 │   [super()]() {}
     ╰────

  × Super calls are not permitted outside constructors or in nested functions inside constructors.
     ╭─[misc/fail/oxc-13284-1.js:278:4]
 277 │       123 + super()] = 4;
 278 │   [super()]() {}
     ·    ───────
 279 │   static [() => super()]() {}
     ╰────

  × Super calls are not permitted outside constructors or in nested functions inside constructors.
     ╭─[misc/fail/oxc-13284-1.js:279:17]
 278 │   [super()]() {}
 279 │   static [() => super()]() {}
     ·                 ───────
 280 │   get [super()]() {}
     ╰────

  × Super calls are not permitted outside constructors or in nested functions inside constructors.
     ╭─[misc/fail/oxc-13284-1.js:280:8]
 279 │   static [() => super()]() {}
 280 │   get [super()]() {}
     ·        ───────
 281 │   static get [() => super()]() {}
     ╰────

  × Super calls are not permitted outside constructors or in nested functions inside constructors.
     ╭─[misc/fail/oxc-13284-1.js:281:21]
 280 │   get [super()]() {}
 281 │   static get [() => super()]() {}
     ·                     ───────
 282 │   set [super()](v) {}
     ╰────

  × Super calls are not permitted outside constructors or in nested functions inside constructors.
     ╭─[misc/fail/oxc-13284-1.js:282:8]
 281 │   static get [() => super()]() {}
 282 │   set [super()](v) {}
     ·        ───────
 283 │   static set [() => () => 123 + super()](v) {}
     ╰────

  × Super calls are not permitted outside constructors or in nested functions inside constructors.
     ╭─[misc/fail/oxc-13284-1.js:283:33]
 282 │   set [super()](v) {}
 283 │   static set [() => () => 123 + super()](v) {}
     ·                                 ───────
 284 │ }
     ╰────

  × Super calls are not permitted outside constructors or in nested functions inside constructors.
     ╭─[misc/fail/oxc-13284-1.js:287:17]
 286 │ // `super()` in class extends
 287 │ class G extends super() {}
     ·                 ───────
 288 │ class H extends (() => () => 123 + super()) {}
     ╰────

  × Super calls are not permitted outside constructors or in nested functions inside constructors.
     ╭─[misc/fail/oxc-13284-1.js:288:36]
 287 │ class G extends super() {}
 288 │ class H extends (() => () => 123 + super()) {}
     ·                                    ───────
 289 │ 
     ╰────

  × Super calls are not permitted outside constructors or in nested functions inside constructors.
     ╭─[misc/fail/oxc-13284-1.js:291:3]
 290 │ // `super()` in class decorators
 291 │ @(super())
     ·   ───────
 292 │ class I extends Super {
     ╰────

  × Super calls are not permitted outside constructors or in nested functions inside constructors.
     ╭─[misc/fail/oxc-13284-1.js:293:5]
 292 │ class I extends Super {
 293 │   @(super()) prop = 1;
     ·     ───────
 294 │   @(super()) static prop = 2;
     ╰────

  × Super calls are not permitted outside constructors or in nested functions inside constructors.
     ╭─[misc/fail/oxc-13284-1.js:294:5]
 293 │   @(super()) prop = 1;
 294 │   @(super()) static prop = 2;
     ·     ───────
 295 │   @(super()) accessor access = 3;
     ╰────

  × Super calls are not permitted outside constructors or in nested functions inside constructors.
     ╭─[misc/fail/oxc-13284-1.js:295:5]
 294 │   @(super()) static prop = 2;
 295 │   @(super()) accessor access = 3;
     ·     ───────
 296 │   @(super()) static accessor access = 4;
     ╰────

  × Super calls are not permitted outside constructors or in nested functions inside constructors.
     ╭─[misc/fail/oxc-13284-1.js:296:5]
 295 │   @(super()) accessor access = 3;
 296 │   @(super()) static accessor access = 4;
     ·     ───────
 297 │   @(super()) method() {}
     ╰────

  × Super calls are not permitted outside constructors or in nested functions inside constructors.
     ╭─[misc/fail/oxc-13284-1.js:297:5]
 296 │   @(super()) static accessor access = 4;
 297 │   @(super()) method() {}
     ·     ───────
 298 │ }
     ╰────

  × Super calls are not permitted outside constructors or in nested functions inside constructors.
     ╭─[misc/fail/oxc-13284-1.js:304:14]
 303 │     class Inner {
 304 │       prop = super();
     ·              ───────
 305 │       static prop = (arg = super()) => 123 + super();
     ╰────

  × Super calls are not permitted outside constructors or in nested functions inside constructors.
     ╭─[misc/fail/oxc-13284-1.js:305:28]
 304 │       prop = super();
 305 │       static prop = (arg = super()) => 123 + super();
     ·                            ───────
 306 │       accessor access = super();
     ╰────

  × Super calls are not permitted outside constructors or in nested functions inside constructors.
     ╭─[misc/fail/oxc-13284-1.js:305:46]
 304 │       prop = super();
 305 │       static prop = (arg = super()) => 123 + super();
     ·                                              ───────
 306 │       accessor access = super();
     ╰────

  × Super calls are not permitted outside constructors or in nested functions inside constructors.
     ╭─[misc/fail/oxc-13284-1.js:306:25]
 305 │       static prop = (arg = super()) => 123 + super();
 306 │       accessor access = super();
     ·                         ───────
 307 │       static accessor access = (arg = super()) => 123 + super();
     ╰────

  × Super calls are not permitted outside constructors or in nested functions inside constructors.
     ╭─[misc/fail/oxc-13284-1.js:307:39]
 306 │       accessor access = super();
 307 │       static accessor access = (arg = super()) => 123 + super();
     ·                                       ───────
 308 │       method() {
     ╰────

  × Super calls are not permitted outside constructors or in nested functions inside constructors.
     ╭─[misc/fail/oxc-13284-1.js:307:57]
 306 │       accessor access = super();
 307 │       static accessor access = (arg = super()) => 123 + super();
     ·                                                         ───────
 308 │       method() {
     ╰────

  × Super calls are not permitted outside constructors or in nested functions inside constructors.
     ╭─[misc/fail/oxc-13284-1.js:309:9]
 308 │       method() {
 309 │         super();
     ·         ───────
 310 │       }
     ╰────

  × Super calls are not permitted outside constructors or in nested functions inside constructors.
     ╭─[misc/fail/oxc-13284-1.js:312:16]
 311 │       static method() {
 312 │         (arg = super()) => 123 + super();
     ·                ───────
 313 │       }
     ╰────

  × Super calls are not permitted outside constructors or in nested functions inside constructors.
     ╭─[misc/fail/oxc-13284-1.js:312:34]
 311 │       static method() {
 312 │         (arg = super()) => 123 + super();
     ·                                  ───────
 313 │       }
     ╰────

  × Super calls are not permitted outside constructors or in nested functions inside constructors.
     ╭─[misc/fail/oxc-13284-1.js:315:9]
 314 │       get x() {
 315 │         super();
     ·         ───────
 316 │       }
     ╰────

  × Super calls are not permitted outside constructors or in nested functions inside constructors.
     ╭─[misc/fail/oxc-13284-1.js:318:16]
 317 │       static get y() {
 318 │         (arg = super()) => 123 + super();
     ·                ───────
 319 │       }
     ╰────

  × Super calls are not permitted outside constructors or in nested functions inside constructors.
     ╭─[misc/fail/oxc-13284-1.js:318:34]
 317 │       static get y() {
 318 │         (arg = super()) => 123 + super();
     ·                                  ───────
 319 │       }
     ╰────

  × Super calls are not permitted outside constructors or in nested functions inside constructors.
     ╭─[misc/fail/oxc-13284-1.js:321:9]
 320 │       set x(v) {
 321 │         super();
     ·         ───────
 322 │       }
     ╰────

  × Super calls are not permitted outside constructors or in nested functions inside constructors.
     ╭─[misc/fail/oxc-13284-1.js:324:16]
 323 │       static set y(v) {
 324 │         (arg = super()) => 123 + super();
     ·                ───────
 325 │       }
     ╰────

  × Super calls are not permitted outside constructors or in nested functions inside constructors.
     ╭─[misc/fail/oxc-13284-1.js:324:34]
 323 │       static set y(v) {
 324 │         (arg = super()) => 123 + super();
     ·                                  ───────
 325 │       }
     ╰────

  × Super calls are not permitted outside constructors or in nested functions inside constructors.
     ╭─[misc/fail/oxc-13284-1.js:327:9]
 326 │       static {
 327 │         super();
     ·         ───────
 328 │       }
     ╰────

  × Super calls are not permitted outside constructors or in nested functions inside constructors.
     ╭─[misc/fail/oxc-13284-1.js:336:6]
 335 │   prop = class Inner {
 336 │     [super()] = 1;
     ·      ───────
 337 │     static [(arg = super()) => super()] = 2;
     ╰────

  × Super calls are not permitted outside constructors or in nested functions inside constructors.
     ╭─[misc/fail/oxc-13284-1.js:337:20]
 336 │     [super()] = 1;
 337 │     static [(arg = super()) => super()] = 2;
     ·                    ───────
 338 │     accessor [123 + super()] = 3;
     ╰────

  × Super calls are not permitted outside constructors or in nested functions inside constructors.
     ╭─[misc/fail/oxc-13284-1.js:337:32]
 336 │     [super()] = 1;
 337 │     static [(arg = super()) => super()] = 2;
     ·                                ───────
 338 │     accessor [123 + super()] = 3;
     ╰────

  × Super calls are not permitted outside constructors or in nested functions inside constructors.
     ╭─[misc/fail/oxc-13284-1.js:338:21]
 337 │     static [(arg = super()) => super()] = 2;
 338 │     accessor [123 + super()] = 3;
     ·                     ───────
 339 │     static accessor [() =>
     ╰────

  × Super calls are not permitted outside constructors or in nested functions inside constructors.
     ╭─[misc/fail/oxc-13284-1.js:340:14]
 339 │     static accessor [() =>
 340 │       (arg = super()) =>
     ·              ───────
 341 │         123 + super()] = 4;
     ╰────

  × Super calls are not permitted outside constructors or in nested functions inside constructors.
     ╭─[misc/fail/oxc-13284-1.js:341:15]
 340 │       (arg = super()) =>
 341 │         123 + super()] = 4;
     ·               ───────
 342 │     [super()]() {}
     ╰────

  × Super calls are not permitted outside constructors or in nested functions inside constructors.
     ╭─[misc/fail/oxc-13284-1.js:342:6]
 341 │         123 + super()] = 4;
 342 │     [super()]() {}
     ·      ───────
 343 │     static [() => super()]() {}
     ╰────

  × Super calls are not permitted outside constructors or in nested functions inside constructors.
     ╭─[misc/fail/oxc-13284-1.js:343:19]
 342 │     [super()]() {}
 343 │     static [() => super()]() {}
     ·                   ───────
 344 │     get [super()]() {}
     ╰────

  × Super calls are not permitted outside constructors or in nested functions inside constructors.
     ╭─[misc/fail/oxc-13284-1.js:344:10]
 343 │     static [() => super()]() {}
 344 │     get [super()]() {}
     ·          ───────
 345 │     static get [() => super()]() {}
     ╰────

  × Super calls are not permitted outside constructors or in nested functions inside constructors.
     ╭─[misc/fail/oxc-13284-1.js:345:23]
 344 │     get [super()]() {}
 345 │     static get [() => super()]() {}
     ·                       ───────
 346 │     set [super()](v) {}
     ╰────

  × Super calls are not permitted outside constructors or in nested functions inside constructors.
     ╭─[misc/fail/oxc-13284-1.js:346:10]
 345 │     static get [() => super()]() {}
 346 │     set [super()](v) {}
     ·          ───────
 347 │     static set [() => () => 123 + super()](v) {}
     ╰────

  × Super calls are not permitted outside constructors or in nested functions inside constructors.
     ╭─[misc/fail/oxc-13284-1.js:347:35]
 346 │     set [super()](v) {}
 347 │     static set [() => () => 123 + super()](v) {}
     ·                                   ───────
 348 │   };
     ╰────

  × Super calls are not permitted outside constructors or in nested functions inside constructors.
     ╭─[misc/fail/oxc-13284-1.js:355:8]
 354 │     class Inner {
 355 │       [super()] = 1;
     ·        ───────
 356 │       static [(arg = super()) => super()] = 2;
     ╰────

  × Super calls are not permitted outside constructors or in nested functions inside constructors.
     ╭─[misc/fail/oxc-13284-1.js:356:22]
 355 │       [super()] = 1;
 356 │       static [(arg = super()) => super()] = 2;
     ·                      ───────
 357 │       accessor [123 + super()] = 3;
     ╰────

  × Super calls are not permitted outside constructors or in nested functions inside constructors.
     ╭─[misc/fail/oxc-13284-1.js:356:34]
 355 │       [super()] = 1;
 356 │       static [(arg = super()) => super()] = 2;
     ·                                  ───────
 357 │       accessor [123 + super()] = 3;
     ╰────

  × Super calls are not permitted outside constructors or in nested functions inside constructors.
     ╭─[misc/fail/oxc-13284-1.js:357:23]
 356 │       static [(arg = super()) => super()] = 2;
 357 │       accessor [123 + super()] = 3;
     ·                       ───────
 358 │       static accessor [() =>
     ╰────

  × Super calls are not permitted outside constructors or in nested functions inside constructors.
     ╭─[misc/fail/oxc-13284-1.js:359:16]
 358 │       static accessor [() =>
 359 │         (arg = super()) =>
     ·                ───────
 360 │           123 + super()] = 4;
     ╰────

  × Super calls are not permitted outside constructors or in nested functions inside constructors.
     ╭─[misc/fail/oxc-13284-1.js:360:17]
 359 │         (arg = super()) =>
 360 │           123 + super()] = 4;
     ·                 ───────
 361 │       [super()]() {}
     ╰────

  × Super calls are not permitted outside constructors or in nested functions inside constructors.
     ╭─[misc/fail/oxc-13284-1.js:361:8]
 360 │           123 + super()] = 4;
 361 │       [super()]() {}
     ·        ───────
 362 │       static [() => super()]() {}
     ╰────

  × Super calls are not permitted outside constructors or in nested functions inside constructors.
     ╭─[misc/fail/oxc-13284-1.js:362:21]
 361 │       [super()]() {}
 362 │       static [() => super()]() {}
     ·                     ───────
 363 │       get [super()]() {}
     ╰────

  × Super calls are not permitted outside constructors or in nested functions inside constructors.
     ╭─[misc/fail/oxc-13284-1.js:363:12]
 362 │       static [() => super()]() {}
 363 │       get [super()]() {}
     ·            ───────
 364 │       static get [() => super()]() {}
     ╰────

  × Super calls are not permitted outside constructors or in nested functions inside constructors.
     ╭─[misc/fail/oxc-13284-1.js:364:25]
 363 │       get [super()]() {}
 364 │       static get [() => super()]() {}
     ·                         ───────
 365 │       set [super()](v) {}
     ╰────

  × Super calls are not permitted outside constructors or in nested functions inside constructors.
     ╭─[misc/fail/oxc-13284-1.js:365:12]
 364 │       static get [() => super()]() {}
 365 │       set [super()](v) {}
     ·            ───────
 366 │       static set [() => () => 123 + super()](v) {}
     ╰────

  × Super calls are not permitted outside constructors or in nested functions inside constructors.
     ╭─[misc/fail/oxc-13284-1.js:366:37]
 365 │       set [super()](v) {}
 366 │       static set [() => () => 123 + super()](v) {}
     ·                                     ───────
 367 │     }
     ╰────

  × Super calls are not permitted outside constructors or in nested functions inside constructors.
     ╭─[misc/fail/oxc-13284-1.js:373:31]
 372 │ class M extends Super {
 373 │   prop1 = class Inner extends super() {};
     ·                               ───────
 374 │   prop2 = class Inner extends (() =>
     ╰────

  × Super calls are not permitted outside constructors or in nested functions inside constructors.
     ╭─[misc/fail/oxc-13284-1.js:375:12]
 374 │   prop2 = class Inner extends (() =>
 375 │     (arg = super()) =>
     ·            ───────
 376 │       123 + super()) {};
     ╰────

  × Super calls are not permitted outside constructors or in nested functions inside constructors.
     ╭─[misc/fail/oxc-13284-1.js:376:13]
 375 │     (arg = super()) =>
 376 │       123 + super()) {};
     ·             ───────
 377 │ }
     ╰────

  × Super calls are not permitted outside constructors or in nested functions inside constructors.
     ╭─[misc/fail/oxc-13284-1.js:382:26]
 381 │   method() {
 382 │     class Inner1 extends super() {}
     ·                          ───────
 383 │     class Inner2 extends (() =>
     ╰────

  × Super calls are not permitted outside constructors or in nested functions inside constructors.
     ╭─[misc/fail/oxc-13284-1.js:384:14]
 383 │     class Inner2 extends (() =>
 384 │       (arg = super()) =>
     ·              ───────
 385 │         123 + super()) {}
     ╰────

  × Super calls are not permitted outside constructors or in nested functions inside constructors.
     ╭─[misc/fail/oxc-13284-1.js:385:15]
 384 │       (arg = super()) =>
 385 │         123 + super()) {}
     ·               ───────
 386 │   }
     ╰────

  × Super calls are not permitted outside constructors or in nested functions inside constructors.
     ╭─[misc/fail/oxc-13284-1.js:392:7]
 391 │   prop =
 392 │     @(super())
     ·       ───────
 393 │     class Inner extends Super {
     ╰────

  × Super calls are not permitted outside constructors or in nested functions inside constructors.
     ╭─[misc/fail/oxc-13284-1.js:394:9]
 393 │     class Inner extends Super {
 394 │       @(super()) prop = 1;
     ·         ───────
 395 │       @(super()) static prop = 2;
     ╰────

  × Super calls are not permitted outside constructors or in nested functions inside constructors.
     ╭─[misc/fail/oxc-13284-1.js:395:9]
 394 │       @(super()) prop = 1;
 395 │       @(super()) static prop = 2;
     ·         ───────
 396 │       @(super()) accessor access = 3;
     ╰────

  × Super calls are not permitted outside constructors or in nested functions inside constructors.
     ╭─[misc/fail/oxc-13284-1.js:396:9]
 395 │       @(super()) static prop = 2;
 396 │       @(super()) accessor access = 3;
     ·         ───────
 397 │       @(super()) static accessor access = 4;
     ╰────

  × Super calls are not permitted outside constructors or in nested functions inside constructors.
     ╭─[misc/fail/oxc-13284-1.js:397:9]
 396 │       @(super()) accessor access = 3;
 397 │       @(super()) static accessor access = 4;
     ·         ───────
 398 │       @(super()) method() {}
     ╰────

  × Super calls are not permitted outside constructors or in nested functions inside constructors.
     ╭─[misc/fail/oxc-13284-1.js:398:9]
 397 │       @(super()) static accessor access = 4;
 398 │       @(super()) method() {}
     ·         ───────
 399 │     };
     ╰────

  × Super calls are not permitted outside constructors or in nested functions inside constructors.
     ╭─[misc/fail/oxc-13284-1.js:405:7]
 404 │   method() {
 405 │     @(super())
     ·       ───────
 406 │     class Inner extends Super {
     ╰────

  × Super calls are not permitted outside constructors or in nested functions inside constructors.
     ╭─[misc/fail/oxc-13284-1.js:407:9]
 406 │     class Inner extends Super {
 407 │       @(super()) prop = 1;
     ·         ───────
 408 │       @(super()) static prop = 2;
     ╰────

  × Super calls are not permitted outside constructors or in nested functions inside constructors.
     ╭─[misc/fail/oxc-13284-1.js:408:9]
 407 │       @(super()) prop = 1;
 408 │       @(super()) static prop = 2;
     ·         ───────
 409 │       @(super()) accessor access = 3;
     ╰────

  × Super calls are not permitted outside constructors or in nested functions inside constructors.
     ╭─[misc/fail/oxc-13284-1.js:409:9]
 408 │       @(super()) static prop = 2;
 409 │       @(super()) accessor access = 3;
     ·         ───────
 410 │       @(super()) static accessor access = 4;
     ╰────

  × Super calls are not permitted outside constructors or in nested functions inside constructors.
     ╭─[misc/fail/oxc-13284-1.js:410:9]
 409 │       @(super()) accessor access = 3;
 410 │       @(super()) static accessor access = 4;
     ·         ───────
 411 │       @(super()) method() {}
     ╰────

  × Super calls are not permitted outside constructors or in nested functions inside constructors.
     ╭─[misc/fail/oxc-13284-1.js:411:9]
 410 │       @(super()) static accessor access = 4;
 411 │       @(super()) method() {}
     ·         ───────
 412 │     }
     ╰────

  × Super calls are not permitted outside constructors or in nested functions inside constructors.
     ╭─[misc/fail/oxc-13284-1.js:422:12]
 421 │         [class C {
 422 │           [super()]() {}
     ·            ───────
 423 │         }]() {}
     ╰────

  × Super calls are not permitted outside constructors or in nested functions inside constructors.
     ╭─[misc/fail/oxc-13284-1.js:427:53]
 426 │ 
 427 │     class D extends class E extends class F extends super() {} {} {}
     ·                                                     ───────
 428 │ 
     ╰────

  × Super calls are not permitted outside constructors or in nested functions inside constructors.
     ╭─[misc/fail/oxc-13284-1.js:432:13]
 431 │         @(class I {
 432 │           @(super())
     ·             ───────
 433 │           method() {}
     ╰────

  × Super calls are not permitted outside constructors or in nested functions inside constructors.
     ╭─[misc/fail/oxc-13284-1.js:445:5]
 444 │   method() {
 445 │     super();
     ·     ───────
 446 │     () =>
     ╰────

  × Super calls are not permitted outside constructors or in nested functions inside constructors.
     ╭─[misc/fail/oxc-13284-1.js:447:14]
 446 │     () =>
 447 │       (arg = super()) =>
     ·              ───────
 448 │         123 + super();
     ╰────

  × Super calls are not permitted outside constructors or in nested functions inside constructors.
     ╭─[misc/fail/oxc-13284-1.js:448:15]
 447 │       (arg = super()) =>
 448 │         123 + super();
     ·               ───────
 449 │     if (true) {
     ╰────

  × Super calls are not permitted outside constructors or in nested functions inside constructors.
     ╭─[misc/fail/oxc-13284-1.js:452:11]
 451 │         {
 452 │           super();
     ·           ───────
 453 │         }
     ╰────

  × Super calls are not permitted outside constructors or in nested functions inside constructors.
     ╭─[misc/fail/oxc-13284-1.js:458:5]
 457 │   ["x"]() {
 458 │     super();
     ·     ───────
 459 │     () =>
     ╰────

  × Super calls are not permitted outside constructors or in nested functions inside constructors.
     ╭─[misc/fail/oxc-13284-1.js:460:14]
 459 │     () =>
 460 │       (arg = super()) =>
     ·              ───────
 461 │         123 + super();
     ╰────

  × Super calls are not permitted outside constructors or in nested functions inside constructors.
     ╭─[misc/fail/oxc-13284-1.js:461:15]
 460 │       (arg = super()) =>
 461 │         123 + super();
     ·               ───────
 462 │     if (true) {
     ╰────

  × Super calls are not permitted outside constructors or in nested functions inside constructors.
     ╭─[misc/fail/oxc-13284-1.js:465:11]
 464 │         {
 465 │           super();
     ·           ───────
 466 │         }
     ╰────

  × Super calls are not permitted outside constructors or in nested functions inside constructors.
     ╭─[misc/fail/oxc-13284-1.js:471:5]
 470 │   get x() {
 471 │     super();
     ·     ───────
 472 │     () =>
     ╰────

  × Super calls are not permitted outside constructors or in nested functions inside constructors.
     ╭─[misc/fail/oxc-13284-1.js:473:14]
 472 │     () =>
 473 │       (arg = super()) =>
     ·              ───────
 474 │         123 + super();
     ╰────

  × Super calls are not permitted outside constructors or in nested functions inside constructors.
     ╭─[misc/fail/oxc-13284-1.js:474:15]
 473 │       (arg = super()) =>
 474 │         123 + super();
     ·               ───────
 475 │     if (true) {
     ╰────

  × Super calls are not permitted outside constructors or in nested functions inside constructors.
     ╭─[misc/fail/oxc-13284-1.js:478:11]
 477 │         {
 478 │           super();
     ·           ───────
 479 │         }
     ╰────

  × Super calls are not permitted outside constructors or in nested functions inside constructors.
     ╭─[misc/fail/oxc-13284-1.js:484:5]
 483 │   set x(v) {
 484 │     super();
     ·     ───────
 485 │     () =>
     ╰────

  × Super calls are not permitted outside constructors or in nested functions inside constructors.
     ╭─[misc/fail/oxc-13284-1.js:486:14]
 485 │     () =>
 486 │       (arg = super()) =>
     ·              ───────
 487 │         123 + super();
     ╰────

  × Super calls are not permitted outside constructors or in nested functions inside constructors.
     ╭─[misc/fail/oxc-13284-1.js:487:15]
 486 │       (arg = super()) =>
 487 │         123 + super();
     ·               ───────
 488 │     if (true) {
     ╰────

  × Super calls are not permitted outside constructors or in nested functions inside constructors.
     ╭─[misc/fail/oxc-13284-1.js:491:11]
 490 │         {
 491 │           super();
     ·           ───────
 492 │         }
     ╰────

  × 'super' can only be referenced in members of derived classes or object literal expressions.
   ╭─[misc/fail/oxc-13284-2.js:2:1]
 1 │ // `super.foo` not in a class or object method
 2 │ super.foo;
   · ─────
 3 │ () =>
   ╰────

  × 'super' can only be referenced in members of derived classes or object literal expressions.
   ╭─[misc/fail/oxc-13284-2.js:4:10]
 3 │ () =>
 4 │   (arg = super.foo) =>
   ·          ─────
 5 │     123 + super.foo;
   ╰────

  × 'super' can only be referenced in members of derived classes or object literal expressions.
   ╭─[misc/fail/oxc-13284-2.js:5:11]
 4 │   (arg = super.foo) =>
 5 │     123 + super.foo;
   ·           ─────
 6 │ if (true) {
   ╰────

  × 'super' can only be referenced in members of derived classes or object literal expressions.
    ╭─[misc/fail/oxc-13284-2.js:9:7]
  8 │     {
  9 │       super.foo;
    ·       ─────
 10 │     }
    ╰────

  × 'super' can only be referenced in members of derived classes or object literal expressions.
    ╭─[misc/fail/oxc-13284-2.js:14:3]
 13 │ () => () => {
 14 │   super.foo;
    ·   ─────
 15 │   () =>
    ╰────

  × 'super' can only be referenced in members of derived classes or object literal expressions.
    ╭─[misc/fail/oxc-13284-2.js:16:12]
 15 │   () =>
 16 │     (arg = super.foo) =>
    ·            ─────
 17 │       123 + super.foo;
    ╰────

  × 'super' can only be referenced in members of derived classes or object literal expressions.
    ╭─[misc/fail/oxc-13284-2.js:17:13]
 16 │     (arg = super.foo) =>
 17 │       123 + super.foo;
    ·             ─────
 18 │   if (true) {
    ╰────

  × 'super' can only be referenced in members of derived classes or object literal expressions.
    ╭─[misc/fail/oxc-13284-2.js:21:9]
 20 │       {
 21 │         super.foo;
    ·         ─────
 22 │       }
    ╰────

  × 'super' can only be referenced in members of derived classes or object literal expressions.
    ╭─[misc/fail/oxc-13284-2.js:28:18]
 27 │ // `super.foo` in a function
 28 │ function f(arg = super.foo) {
    ·                  ─────
 29 │   super.foo;
    ╰────

  × 'super' can only be referenced in members of derived classes or object literal expressions.
    ╭─[misc/fail/oxc-13284-2.js:29:3]
 28 │ function f(arg = super.foo) {
 29 │   super.foo;
    ·   ─────
 30 │   () =>
    ╰────

  × 'super' can only be referenced in members of derived classes or object literal expressions.
    ╭─[misc/fail/oxc-13284-2.js:31:12]
 30 │   () =>
 31 │     (arg = super.foo) =>
    ·            ─────
 32 │       123 + super.foo;
    ╰────

  × 'super' can only be referenced in members of derived classes or object literal expressions.
    ╭─[misc/fail/oxc-13284-2.js:32:13]
 31 │     (arg = super.foo) =>
 32 │       123 + super.foo;
    ·             ─────
 33 │   if (true) {
    ╰────

  × 'super' can only be referenced in members of derived classes or object literal expressions.
    ╭─[misc/fail/oxc-13284-2.js:36:9]
 35 │       {
 36 │         super.foo;
    ·         ─────
 37 │       }
    ╰────

  × 'super' can only be referenced in members of derived classes or object literal expressions.
    ╭─[misc/fail/oxc-13284-2.js:41:21]
 40 │ }
 41 │ f = function (arg = super.foo) {
    ·                     ─────
 42 │   super.foo;
    ╰────

  × 'super' can only be referenced in members of derived classes or object literal expressions.
    ╭─[misc/fail/oxc-13284-2.js:42:3]
 41 │ f = function (arg = super.foo) {
 42 │   super.foo;
    ·   ─────
 43 │   () =>
    ╰────

  × 'super' can only be referenced in members of derived classes or object literal expressions.
    ╭─[misc/fail/oxc-13284-2.js:44:12]
 43 │   () =>
 44 │     (arg = super.foo) =>
    ·            ─────
 45 │       123 + super.foo;
    ╰────

  × 'super' can only be referenced in members of derived classes or object literal expressions.
    ╭─[misc/fail/oxc-13284-2.js:45:13]
 44 │     (arg = super.foo) =>
 45 │       123 + super.foo;
    ·             ─────
 46 │   if (true) {
    ╰────

  × 'super' can only be referenced in members of derived classes or object literal expressions.
    ╭─[misc/fail/oxc-13284-2.js:49:9]
 48 │       {
 49 │         super.foo;
    ·         ─────
 50 │       }
    ╰────

  × 'super' can only be referenced in members of derived classes or object literal expressions.
    ╭─[misc/fail/oxc-13284-2.js:58:26]
 57 │   constructor() {
 58 │     function inner(arg = super.foo) {
    ·                          ─────
 59 │       super.foo;
    ╰────

  × 'super' can only be referenced in members of derived classes or object literal expressions.
    ╭─[misc/fail/oxc-13284-2.js:59:7]
 58 │     function inner(arg = super.foo) {
 59 │       super.foo;
    ·       ─────
 60 │       () =>
    ╰────

  × 'super' can only be referenced in members of derived classes or object literal expressions.
    ╭─[misc/fail/oxc-13284-2.js:61:16]
 60 │       () =>
 61 │         (arg = super.foo) =>
    ·                ─────
 62 │           123 + super.foo;
    ╰────

  × 'super' can only be referenced in members of derived classes or object literal expressions.
    ╭─[misc/fail/oxc-13284-2.js:62:17]
 61 │         (arg = super.foo) =>
 62 │           123 + super.foo;
    ·                 ─────
 63 │       if (true) {
    ╰────

  × 'super' can only be referenced in members of derived classes or object literal expressions.
    ╭─[misc/fail/oxc-13284-2.js:66:13]
 65 │           {
 66 │             super.foo;
    ·             ─────
 67 │           }
    ╰────

  × 'super' can only be referenced in members of derived classes or object literal expressions.
    ╭─[misc/fail/oxc-13284-2.js:72:23]
 71 │     f = () =>
 72 │       function (arg = super.foo) {
    ·                       ─────
 73 │         super.foo;
    ╰────

  × 'super' can only be referenced in members of derived classes or object literal expressions.
    ╭─[misc/fail/oxc-13284-2.js:73:9]
 72 │       function (arg = super.foo) {
 73 │         super.foo;
    ·         ─────
 74 │         () =>
    ╰────

  × 'super' can only be referenced in members of derived classes or object literal expressions.
    ╭─[misc/fail/oxc-13284-2.js:75:18]
 74 │         () =>
 75 │           (arg = super.foo) =>
    ·                  ─────
 76 │             123 + super.foo;
    ╰────

  × 'super' can only be referenced in members of derived classes or object literal expressions.
    ╭─[misc/fail/oxc-13284-2.js:76:19]
 75 │           (arg = super.foo) =>
 76 │             123 + super.foo;
    ·                   ─────
 77 │         if (true) {
    ╰────

  × 'super' can only be referenced in members of derived classes or object literal expressions.
    ╭─[misc/fail/oxc-13284-2.js:80:15]
 79 │             {
 80 │               super.foo;
    ·               ─────
 81 │             }
    ╰────

  × 'super' can only be referenced in members of derived classes or object literal expressions.
    ╭─[misc/fail/oxc-13284-2.js:91:26]
 90 │   method() {
 91 │     function inner(arg = super.foo) {
    ·                          ─────
 92 │       super.foo;
    ╰────

  × 'super' can only be referenced in members of derived classes or object literal expressions.
    ╭─[misc/fail/oxc-13284-2.js:92:7]
 91 │     function inner(arg = super.foo) {
 92 │       super.foo;
    ·       ─────
 93 │       () =>
    ╰────

  × 'super' can only be referenced in members of derived classes or object literal expressions.
    ╭─[misc/fail/oxc-13284-2.js:94:16]
 93 │       () =>
 94 │         (arg = super.foo) =>
    ·                ─────
 95 │           123 + super.foo;
    ╰────

  × 'super' can only be referenced in members of derived classes or object literal expressions.
    ╭─[misc/fail/oxc-13284-2.js:95:17]
 94 │         (arg = super.foo) =>
 95 │           123 + super.foo;
    ·                 ─────
 96 │       if (true) {
    ╰────

  × 'super' can only be referenced in members of derived classes or object literal expressions.
     ╭─[misc/fail/oxc-13284-2.js:99:13]
  98 │           {
  99 │             super.foo;
     ·             ─────
 100 │           }
     ╰────

  × 'super' can only be referenced in members of derived classes or object literal expressions.
     ╭─[misc/fail/oxc-13284-2.js:105:23]
 104 │     f = () =>
 105 │       function (arg = super.foo) {
     ·                       ─────
 106 │         super.foo;
     ╰────

  × 'super' can only be referenced in members of derived classes or object literal expressions.
     ╭─[misc/fail/oxc-13284-2.js:106:9]
 105 │       function (arg = super.foo) {
 106 │         super.foo;
     ·         ─────
 107 │         () =>
     ╰────

  × 'super' can only be referenced in members of derived classes or object literal expressions.
     ╭─[misc/fail/oxc-13284-2.js:108:18]
 107 │         () =>
 108 │           (arg = super.foo) =>
     ·                  ─────
 109 │             123 + super.foo;
     ╰────

  × 'super' can only be referenced in members of derived classes or object literal expressions.
     ╭─[misc/fail/oxc-13284-2.js:109:19]
 108 │           (arg = super.foo) =>
 109 │             123 + super.foo;
     ·                   ─────
 110 │         if (true) {
     ╰────

  × 'super' can only be referenced in members of derived classes or object literal expressions.
     ╭─[misc/fail/oxc-13284-2.js:113:15]
 112 │             {
 113 │               super.foo;
     ·               ─────
 114 │             }
     ╰────

  × 'super' can only be referenced in members of derived classes or object literal expressions.
     ╭─[misc/fail/oxc-13284-2.js:124:26]
 123 │   prop = () => {
 124 │     function inner(arg = super.foo) {
     ·                          ─────
 125 │       super.foo;
     ╰────

  × 'super' can only be referenced in members of derived classes or object literal expressions.
     ╭─[misc/fail/oxc-13284-2.js:125:7]
 124 │     function inner(arg = super.foo) {
 125 │       super.foo;
     ·       ─────
 126 │       () =>
     ╰────

  × 'super' can only be referenced in members of derived classes or object literal expressions.
     ╭─[misc/fail/oxc-13284-2.js:127:16]
 126 │       () =>
 127 │         (arg = super.foo) =>
     ·                ─────
 128 │           123 + super.foo;
     ╰────

  × 'super' can only be referenced in members of derived classes or object literal expressions.
     ╭─[misc/fail/oxc-13284-2.js:128:17]
 127 │         (arg = super.foo) =>
 128 │           123 + super.foo;
     ·                 ─────
 129 │       if (true) {
     ╰────

  × 'super' can only be referenced in members of derived classes or object literal expressions.
     ╭─[misc/fail/oxc-13284-2.js:132:13]
 131 │           {
 132 │             super.foo;
     ·             ─────
 133 │           }
     ╰────

  × 'super' can only be referenced in members of derived classes or object literal expressions.
     ╭─[misc/fail/oxc-13284-2.js:138:23]
 137 │     f = () =>
 138 │       function (arg = super.foo) {
     ·                       ─────
 139 │         super.foo;
     ╰────

  × 'super' can only be referenced in members of derived classes or object literal expressions.
     ╭─[misc/fail/oxc-13284-2.js:139:9]
 138 │       function (arg = super.foo) {
 139 │         super.foo;
     ·         ─────
 140 │         () =>
     ╰────

  × 'super' can only be referenced in members of derived classes or object literal expressions.
     ╭─[misc/fail/oxc-13284-2.js:141:18]
 140 │         () =>
 141 │           (arg = super.foo) =>
     ·                  ─────
 142 │             123 + super.foo;
     ╰────

  × 'super' can only be referenced in members of derived classes or object literal expressions.
     ╭─[misc/fail/oxc-13284-2.js:142:19]
 141 │           (arg = super.foo) =>
 142 │             123 + super.foo;
     ·                   ─────
 143 │         if (true) {
     ╰────

  × 'super' can only be referenced in members of derived classes or object literal expressions.
     ╭─[misc/fail/oxc-13284-2.js:146:15]
 145 │             {
 146 │               super.foo;
     ·               ─────
 147 │             }
     ╰────

  × 'super' can only be referenced in members of derived classes or object literal expressions.
     ╭─[misc/fail/oxc-13284-2.js:156:4]
 155 │ class D {
 156 │   [super.foo] = 1;
     ·    ─────
 157 │   static [() => super.foo] = 2;
     ╰────

  × 'super' can only be referenced in members of derived classes or object literal expressions.
     ╭─[misc/fail/oxc-13284-2.js:157:17]
 156 │   [super.foo] = 1;
 157 │   static [() => super.foo] = 2;
     ·                 ─────
 158 │   accessor [123 + super.foo] = 3;
     ╰────

  × 'super' can only be referenced in members of derived classes or object literal expressions.
     ╭─[misc/fail/oxc-13284-2.js:158:19]
 157 │   static [() => super.foo] = 2;
 158 │   accessor [123 + super.foo] = 3;
     ·                   ─────
 159 │   static accessor [() => () => 123 + super.foo] = 4;
     ╰────

  × 'super' can only be referenced in members of derived classes or object literal expressions.
     ╭─[misc/fail/oxc-13284-2.js:159:38]
 158 │   accessor [123 + super.foo] = 3;
 159 │   static accessor [() => () => 123 + super.foo] = 4;
     ·                                      ─────
 160 │   [super.foo]() {}
     ╰────

  × 'super' can only be referenced in members of derived classes or object literal expressions.
     ╭─[misc/fail/oxc-13284-2.js:160:4]
 159 │   static accessor [() => () => 123 + super.foo] = 4;
 160 │   [super.foo]() {}
     ·    ─────
 161 │   static [() => super.foo]() {}
     ╰────

  × 'super' can only be referenced in members of derived classes or object literal expressions.
     ╭─[misc/fail/oxc-13284-2.js:161:17]
 160 │   [super.foo]() {}
 161 │   static [() => super.foo]() {}
     ·                 ─────
 162 │   get [super.foo]() {}
     ╰────

  × 'super' can only be referenced in members of derived classes or object literal expressions.
     ╭─[misc/fail/oxc-13284-2.js:162:8]
 161 │   static [() => super.foo]() {}
 162 │   get [super.foo]() {}
     ·        ─────
 163 │   static get [() => super.foo]() {}
     ╰────

  × 'super' can only be referenced in members of derived classes or object literal expressions.
     ╭─[misc/fail/oxc-13284-2.js:163:21]
 162 │   get [super.foo]() {}
 163 │   static get [() => super.foo]() {}
     ·                     ─────
 164 │   set [super.foo](v) {}
     ╰────

  × 'super' can only be referenced in members of derived classes or object literal expressions.
     ╭─[misc/fail/oxc-13284-2.js:164:8]
 163 │   static get [() => super.foo]() {}
 164 │   set [super.foo](v) {}
     ·        ─────
 165 │   static set [() => () => 123 + super.foo](v) {}
     ╰────

  × 'super' can only be referenced in members of derived classes or object literal expressions.
     ╭─[misc/fail/oxc-13284-2.js:165:33]
 164 │   set [super.foo](v) {}
 165 │   static set [() => () => 123 + super.foo](v) {}
     ·                                 ─────
 166 │ }
     ╰────

  × 'super' can only be referenced in members of derived classes or object literal expressions.
     ╭─[misc/fail/oxc-13284-2.js:169:17]
 168 │ // `super.foo` in class extends
 169 │ class E extends super.foo {}
     ·                 ─────
 170 │ class F extends (() =>
     ╰────

  × 'super' can only be referenced in members of derived classes or object literal expressions.
     ╭─[misc/fail/oxc-13284-2.js:171:10]
 170 │ class F extends (() =>
 171 │   (arg = super.foo) =>
     ·          ─────
 172 │     123 + super.foo) {}
     ╰────

  × 'super' can only be referenced in members of derived classes or object literal expressions.
     ╭─[misc/fail/oxc-13284-2.js:172:11]
 171 │   (arg = super.foo) =>
 172 │     123 + super.foo) {}
     ·           ─────
 173 │ 
     ╰────

  × 'super' can only be referenced in members of derived classes or object literal expressions.
     ╭─[misc/fail/oxc-13284-2.js:175:2]
 174 │ // `super.foo` in class decorators
 175 │ @super.foo
     ·  ─────
 176 │ class G extends Super {
     ╰────

  × 'super' can only be referenced in members of derived classes or object literal expressions.
     ╭─[misc/fail/oxc-13284-2.js:177:4]
 176 │ class G extends Super {
 177 │   @super.foo prop = 1;
     ·    ─────
 178 │   @super.foo static prop = 2;
     ╰────

  × 'super' can only be referenced in members of derived classes or object literal expressions.
     ╭─[misc/fail/oxc-13284-2.js:178:4]
 177 │   @super.foo prop = 1;
 178 │   @super.foo static prop = 2;
     ·    ─────
 179 │   @super.foo accessor access = 3;
     ╰────

  × 'super' can only be referenced in members of derived classes or object literal expressions.
     ╭─[misc/fail/oxc-13284-2.js:179:4]
 178 │   @super.foo static prop = 2;
 179 │   @super.foo accessor access = 3;
     ·    ─────
 180 │   @super.foo static accessor access = 4;
     ╰────

  × 'super' can only be referenced in members of derived classes or object literal expressions.
     ╭─[misc/fail/oxc-13284-2.js:180:4]
 179 │   @super.foo accessor access = 3;
 180 │   @super.foo static accessor access = 4;
     ·    ─────
 181 │   @super.foo method() {}
     ╰────

  × 'super' can only be referenced in members of derived classes or object literal expressions.
     ╭─[misc/fail/oxc-13284-2.js:181:4]
 180 │   @super.foo static accessor access = 4;
 181 │   @super.foo method() {}
     ·    ─────
 182 │ }
     ╰────

  × 'super' can only be referenced in members of derived classes or object literal expressions.
     ╭─[misc/fail/oxc-13284-2.js:187:6]
 186 │   class Inner {
 187 │     [super.foo] = 1;
     ·      ─────
 188 │     static [(arg = super.foo) => super.foo] = 2;
     ╰────

  × 'super' can only be referenced in members of derived classes or object literal expressions.
     ╭─[misc/fail/oxc-13284-2.js:188:20]
 187 │     [super.foo] = 1;
 188 │     static [(arg = super.foo) => super.foo] = 2;
     ·                    ─────
 189 │     accessor [123 + super.foo] = 3;
     ╰────

  × 'super' can only be referenced in members of derived classes or object literal expressions.
     ╭─[misc/fail/oxc-13284-2.js:188:34]
 187 │     [super.foo] = 1;
 188 │     static [(arg = super.foo) => super.foo] = 2;
     ·                                  ─────
 189 │     accessor [123 + super.foo] = 3;
     ╰────

  × 'super' can only be referenced in members of derived classes or object literal expressions.
     ╭─[misc/fail/oxc-13284-2.js:189:21]
 188 │     static [(arg = super.foo) => super.foo] = 2;
 189 │     accessor [123 + super.foo] = 3;
     ·                     ─────
 190 │     static accessor [() =>
     ╰────

  × 'super' can only be referenced in members of derived classes or object literal expressions.
     ╭─[misc/fail/oxc-13284-2.js:191:14]
 190 │     static accessor [() =>
 191 │       (arg = super.foo) =>
     ·              ─────
 192 │         123 + super.foo] = 4;
     ╰────

  × 'super' can only be referenced in members of derived classes or object literal expressions.
     ╭─[misc/fail/oxc-13284-2.js:192:15]
 191 │       (arg = super.foo) =>
 192 │         123 + super.foo] = 4;
     ·               ─────
 193 │     [super.foo]() {}
     ╰────

  × 'super' can only be referenced in members of derived classes or object literal expressions.
     ╭─[misc/fail/oxc-13284-2.js:193:6]
 192 │         123 + super.foo] = 4;
 193 │     [super.foo]() {}
     ·      ─────
 194 │     static [() => super.foo]() {}
     ╰────

  × 'super' can only be referenced in members of derived classes or object literal expressions.
     ╭─[misc/fail/oxc-13284-2.js:194:19]
 193 │     [super.foo]() {}
 194 │     static [() => super.foo]() {}
     ·                   ─────
 195 │     get [super.foo]() {}
     ╰────

  × 'super' can only be referenced in members of derived classes or object literal expressions.
     ╭─[misc/fail/oxc-13284-2.js:195:10]
 194 │     static [() => super.foo]() {}
 195 │     get [super.foo]() {}
     ·          ─────
 196 │     static get [() => super.foo]() {}
     ╰────

  × 'super' can only be referenced in members of derived classes or object literal expressions.
     ╭─[misc/fail/oxc-13284-2.js:196:23]
 195 │     get [super.foo]() {}
 196 │     static get [() => super.foo]() {}
     ·                       ─────
 197 │     set [super.foo](v) {}
     ╰────

  × 'super' can only be referenced in members of derived classes or object literal expressions.
     ╭─[misc/fail/oxc-13284-2.js:197:10]
 196 │     static get [() => super.foo]() {}
 197 │     set [super.foo](v) {}
     ·          ─────
 198 │     static set [() => () => 123 + super.foo](v) {}
     ╰────

  × 'super' can only be referenced in members of derived classes or object literal expressions.
     ╭─[misc/fail/oxc-13284-2.js:198:35]
 197 │     set [super.foo](v) {}
 198 │     static set [() => () => 123 + super.foo](v) {}
     ·                                   ─────
 199 │   }
     ╰────

  × 'super' can only be referenced in members of derived classes or object literal expressions.
     ╭─[misc/fail/oxc-13284-2.js:204:19]
 203 │ function h() {
 204 │   class E extends super.foo {}
     ·                   ─────
 205 │   class F extends (() =>
     ╰────

  × 'super' can only be referenced in members of derived classes or object literal expressions.
     ╭─[misc/fail/oxc-13284-2.js:206:12]
 205 │   class F extends (() =>
 206 │     (arg = super.foo) =>
     ·            ─────
 207 │       123 + super.foo) {}
     ╰────

  × 'super' can only be referenced in members of derived classes or object literal expressions.
     ╭─[misc/fail/oxc-13284-2.js:207:13]
 206 │     (arg = super.foo) =>
 207 │       123 + super.foo) {}
     ·             ─────
 208 │ }
     ╰────

  × 'super' can only be referenced in members of derived classes or object literal expressions.
     ╭─[misc/fail/oxc-13284-2.js:212:4]
 211 │ function i() {
 212 │   @super.foo
     ·    ─────
 213 │   class Inner {
     ╰────

  × 'super' can only be referenced in members of derived classes or object literal expressions.
     ╭─[misc/fail/oxc-13284-2.js:214:6]
 213 │   class Inner {
 214 │     @super.foo prop = 1;
     ·      ─────
 215 │     @super.foo static prop = 2;
     ╰────

  × 'super' can only be referenced in members of derived classes or object literal expressions.
     ╭─[misc/fail/oxc-13284-2.js:215:6]
 214 │     @super.foo prop = 1;
 215 │     @super.foo static prop = 2;
     ·      ─────
 216 │     @super.foo accessor access = 3;
     ╰────

  × 'super' can only be referenced in members of derived classes or object literal expressions.
     ╭─[misc/fail/oxc-13284-2.js:216:6]
 215 │     @super.foo static prop = 2;
 216 │     @super.foo accessor access = 3;
     ·      ─────
 217 │     @super.foo static accessor access = 4;
     ╰────

  × 'super' can only be referenced in members of derived classes or object literal expressions.
     ╭─[misc/fail/oxc-13284-2.js:217:6]
 216 │     @super.foo accessor access = 3;
 217 │     @super.foo static accessor access = 4;
     ·      ─────
 218 │     @super.foo method() {}
     ╰────

  × 'super' can only be referenced in members of derived classes or object literal expressions.
     ╭─[misc/fail/oxc-13284-2.js:218:6]
 217 │     @super.foo static accessor access = 4;
 218 │     @super.foo method() {}
     ·      ─────
 219 │   }
     ╰────

  × 'super' can only be referenced in members of derived classes or object literal expressions.
     ╭─[misc/fail/oxc-13284-2.js:224:16]
 223 │ obj = {
 224 │   prop: (arg = super.foo) => {
     ·                ─────
 225 │     super.foo;
     ╰────

  × 'super' can only be referenced in members of derived classes or object literal expressions.
     ╭─[misc/fail/oxc-13284-2.js:225:5]
 224 │   prop: (arg = super.foo) => {
 225 │     super.foo;
     ·     ─────
 226 │     () =>
     ╰────

  × 'super' can only be referenced in members of derived classes or object literal expressions.
     ╭─[misc/fail/oxc-13284-2.js:227:14]
 226 │     () =>
 227 │       (arg = super.foo) =>
     ·              ─────
 228 │         123 + super.foo;
     ╰────

  × 'super' can only be referenced in members of derived classes or object literal expressions.
     ╭─[misc/fail/oxc-13284-2.js:228:15]
 227 │       (arg = super.foo) =>
 228 │         123 + super.foo;
     ·               ─────
 229 │     if (true) {
     ╰────

  × 'super' can only be referenced in members of derived classes or object literal expressions.
     ╭─[misc/fail/oxc-13284-2.js:232:11]
 231 │         {
 232 │           super.foo;
     ·           ─────
 233 │         }
     ╰────

  × 'super' can only be referenced in members of derived classes or object literal expressions.
     ╭─[misc/fail/oxc-13284-2.js:237:17]
 236 │   },
 237 │   ["x"]: (arg = super.foo) => {
     ·                 ─────
 238 │     super.foo;
     ╰────

  × 'super' can only be referenced in members of derived classes or object literal expressions.
     ╭─[misc/fail/oxc-13284-2.js:238:5]
 237 │   ["x"]: (arg = super.foo) => {
 238 │     super.foo;
     ·     ─────
 239 │     () =>
     ╰────

  × 'super' can only be referenced in members of derived classes or object literal expressions.
     ╭─[misc/fail/oxc-13284-2.js:240:14]
 239 │     () =>
 240 │       (arg = super.foo) =>
     ·              ─────
 241 │         123 + super.foo;
     ╰────

  × 'super' can only be referenced in members of derived classes or object literal expressions.
     ╭─[misc/fail/oxc-13284-2.js:241:15]
 240 │       (arg = super.foo) =>
 241 │         123 + super.foo;
     ·               ─────
 242 │     if (true) {
     ╰────

  × 'super' can only be referenced in members of derived classes or object literal expressions.
     ╭─[misc/fail/oxc-13284-2.js:245:11]
 244 │         {
 245 │           super.foo;
     ·           ─────
 246 │         }
     ╰────

  × Super calls are not permitted outside constructors or in nested functions inside constructors.
   ╭─[misc/fail/oxc-13284.ts:6:46]
 5 │ class C extends Super {
 6 │   [keys: string]: typeof import("x", { with: super() }).y;
   ·                                              ───────
 7 │ }
   ╰────

  × Super calls are not permitted outside constructors or in nested functions inside constructors.
    ╭─[misc/fail/oxc-13284.ts:10:37]
  9 │ class D extends Super {
 10 │   [keys: typeof import("x", { with: super() }).y]: string;
    ·                                     ───────
 11 │ }
    ╰────

  × Super calls are not permitted outside constructors or in nested functions inside constructors.
    ╭─[misc/fail/oxc-13284.ts:16:50]
 15 │     class Inner {
 16 │       [keys: string]: typeof import("x", { with: super() }).y;
    ·                                                  ───────
 17 │     }
    ╰────

  × 'super' can only be referenced in a derived class.
    ╭─[misc/fail/oxc-13284.ts:21:1]
 20 │     
 21 │ ╭─▶ class Outer2 {
 22 │ │     constructor() {
 23 │ │       class Inner extends Super {
 24 │ │         [keys: typeof import("x", { with: super() }).y]: string;
    · │                                           ─────
 25 │ │       }
 26 │ │     }
 27 │ ├─▶ }
    · ╰──── class does not have `extends`
 28 │     
    ╰────
  help: either remove this super, or extend the class

  × 'super' can only be referenced in members of derived classes or object literal expressions.
    ╭─[misc/fail/oxc-13284.ts:35:37]
 34 │ class F {
 35 │   [keys: typeof import("x", { with: super.foo }).y]: string;
    ·                                     ─────
 36 │ }
    ╰────

  × 'super' can only be referenced in members of derived classes or object literal expressions.
   ╭─[misc/fail/oxc-13323.js:3:5]
 2 │   foo: function () {
 3 │     super.foo;
   ·     ─────
 4 │   },
   ╰────

  × 'super' can only be referenced in members of derived classes or object literal expressions.
   ╭─[misc/fail/oxc-13323.js:8:7]
 7 │     return function () {
 8 │       super.bar;
   ·       ─────
 9 │     };
   ╰────

  × 'super' can only be referenced in members of derived classes or object literal expressions.
    ╭─[misc/fail/oxc-13323.js:13:5]
 12 │   [function () {
 13 │     super.qux;
    ·     ─────
 14 │   }]() {},
    ╰────

  × 'super' can only be referenced in members of derived classes or object literal expressions.
    ╭─[misc/fail/oxc-13323.js:17:5]
 16 │   get [function () {
 17 │     super.bing;
    ·     ─────
 18 │   }]() {},
    ╰────

  × 'super' can only be referenced in members of derived classes or object literal expressions.
    ╭─[misc/fail/oxc-13323.js:21:5]
 20 │   set [function () {
 21 │     super.bong;
    ·     ─────
 22 │   }](v) {},
    ╰────

  × TS(1099): Type argument list cannot be empty.
   ╭─[misc/fail/oxc-13617-1.ts:1:4]
 1 │ foo<>()
   ·    ──
   ╰────

  × TS(1099): Type argument list cannot be empty.
   ╭─[misc/fail/oxc-13617-2.ts:1:8]
 1 │ new Foo<>()
   ·        ──
   ╰────

  × TS(1099): Type argument list cannot be empty.
   ╭─[misc/fail/oxc-13617-3.ts:1:25]
 1 │ class Foo {property: Bar<> = 1}
   ·                         ──
   ╰────

  × TS(1099): Type argument list cannot be empty.
   ╭─[misc/fail/oxc-13617-4.ts:1:15]
 1 │ const foo: Foo<> = 1
   ·               ──
   ╰────

  × Classes may not have a field named 'constructor'
   ╭─[misc/fail/oxc-14014.ts:2:12]
 1 │ class Bar {
 2 │   accessor 'constructor'
   ·            ─────────────
 3 │ }
   ╰────

  × Classes may not have a field named 'constructor'
   ╭─[misc/fail/oxc-14014.ts:5:12]
 4 │ abstract class Baz {
 5 │   accessor 'constructor'
   ·            ─────────────
 6 │ }
   ╰────

  × Unexpected token
   ╭─[misc/fail/oxc-169.js:2:1]
 1 │ 1<(V=82<<t-j0<(V=$<LBI<(V=ut<I<(V=$<LBI<(V=uIV=82<<t-j0<(V=$<LBI<(V=ut<I<(V=$<LBI<(V<II>
   ╰────

  × Expected `(` but found `:`
   ╭─[misc/fail/oxc-1942-1.ts:2:8]
 1 │ class Foo {
 2 │   get x: () => {
   ·        ┬
   ·        ╰── `(` expected
 3 │       return 5;
   ╰────

  × Expected `(` but found `:`
   ╭─[misc/fail/oxc-1942-2.ts:2:8]
 1 │ class Foo {
 2 │   set x: (v: number) => {}
   ·        ┬
   ·        ╰── `(` expected
 3 │ }
   ╰────

  × A class name is required.
   ╭─[misc/fail/oxc-2144.js:1:1]
 1 │ class {}
   · ─────
 2 │ export class {}
   ╰────

  × A class name is required.
   ╭─[misc/fail/oxc-2144.js:2:8]
 1 │ class {}
 2 │ export class {}
   ·        ─────
   ╰────

  × Unexpected token
   ╭─[misc/fail/oxc-2253.ts:1:8]
 1 │ const a? = "A"
   ·        ─
 2 │ const [b]? = ["B"]
   ╰────

  × Unexpected token
   ╭─[misc/fail/oxc-2253.ts:2:10]
 1 │ const a? = "A"
 2 │ const [b]? = ["B"]
   ·          ─
 3 │ const { c }? = { c: "C" }
   ╰────

  × Unexpected token
   ╭─[misc/fail/oxc-2253.ts:3:12]
 2 │ const [b]? = ["B"]
 3 │ const { c }? = { c: "C" }
   ·            ─
 4 │ 
   ╰────

  × Unexpected token
   ╭─[misc/fail/oxc-2253.ts:5:13]
 4 │ 
 5 │ const d     ? = "A"
   ·             ─
 6 │ const [e, f]      ? = ["B"]
   ╰────

  × Unexpected token
   ╭─[misc/fail/oxc-2253.ts:6:19]
 5 │ const d     ? = "A"
 6 │ const [e, f]      ? = ["B"]
   ·                   ─
 7 │ const { g, h }       ? = { c: "C" }
   ╰────

  × Unexpected token
   ╭─[misc/fail/oxc-2253.ts:7:22]
 6 │ const [e, f]      ? = ["B"]
 7 │ const { g, h }       ? = { c: "C" }
   ·                      ─
   ╰────

  × Empty parenthesized expression
   ╭─[misc/fail/oxc-232.js:1:5]
 1 │ x = (/* a */)
   ·     ─────────
   ╰────

  × Expected `{` but found `[`
    ╭─[misc/fail/oxc-2394.ts:38:21]
 37 │ export type LocalInterface =
 38 │     & import("pkg", [ {"resolution-mode": "require"} ]).RequireInterface
    ·                     ┬
    ·                     ╰── `{` expected
 39 │     & import("pkg", [ {"resolution-mode": "import"} ]).ImportInterface;
    ╰────

  × Expected `:` but found `[`
   ╭─[misc/fail/oxc-3320.tsx:1:8]
 1 │ m< $<{3[   $<{3[  $<{3[ m< m$<{3[ m< mm< $<{3[   $<{3[  $<{3[ m< m$<{3[ m< m$<{3[  $<{3[ m< m$<{3[
   ·        ┬
   ·        ╰── `:` expected
   ╰────

  × Expected corresponding JSX closing tag for 'Apple'.
   ╭─[misc/fail/oxc-3528.jsx:1:10]
 1 │ let a = <Apple></Banana>;
   ·          ─────   ──────
 2 │ 
   ╰────

  × Expected corresponding JSX closing tag for 'Apple:Orange'.
   ╭─[misc/fail/oxc-3528.jsx:3:10]
 2 │ 
 3 │ let b = <Apple:Orange></Banana>;
   ·          ────────────   ──────
 4 │ 
   ╰────

  × Expected corresponding JSX closing tag for 'Apple.Orange'.
   ╭─[misc/fail/oxc-3528.jsx:5:10]
 4 │ 
 5 │ let c = <Apple.Orange></Banana>;
   ·          ────────────   ──────
   ╰────

  × 'readonly' modifier cannot be used here.
   ╭─[misc/fail/oxc-3948.ts:2:5]
 1 │ const x = {
 2 │     readonly foo() {
   ·     ────────
 3 │ 
   ╰────

  × 'public' modifier cannot be used here.
   ╭─[misc/fail/oxc-3948.ts:5:5]
 4 │     },
 5 │     public readonly async bar() {
   ·     ──────
 6 │ 
   ╰────

  × 'readonly' modifier cannot be used here.
   ╭─[misc/fail/oxc-3948.ts:5:12]
 4 │     },
 5 │     public readonly async bar() {
   ·            ────────
 6 │ 
   ╰────

  × 'public' modifier cannot be used here.
   ╭─[misc/fail/oxc-3948.ts:8:5]
 7 │     },
 8 │     public x: 1,
   ·     ──────
 9 │ }
   ╰────

  × TS(8037): Type assertion expressions can only be used in TypeScript files.
   ╭─[misc/fail/oxc-4111-1.js:1:1]
 1 │ funtransientction as longciiConÞr>ol(cde) {
   · ─────────────────────────────────
   ╰────

  × Expected a semicolon or an implicit semicolon after a statement, but found none
   ╭─[misc/fail/oxc-4111-1.js:1:43]
 1 │ funtransientction as longciiConÞr>ol(cde) {
   ·                                          ▲
   ╰────
  help: Try insert a semicolon here

  × TS(1248): A class member cannot have the 'const' keyword.
   ╭─[misc/fail/oxc-4212-1.ts:1:11]
 1 │ class a { const enum b(); }
   ·           ─────
   ╰────
  help: Did you mean `readonly`?

  × Expected `;` but found `Identifier`
   ╭─[misc/fail/oxc-4212-1.ts:1:22]
 1 │ class a { const enum b(); }
   ·                      ┬
   ·                      ╰── `;` expected
   ╰────

  × TS(1164): Computed property names are not allowed in enums.
   ╭─[misc/fail/oxc-4449-1.ts:1:11]
 1 │ enum A { [foo] } // Computed property names are not allowed in enums
   ·           ───
   ╰────

  × TS(2452): An enum member cannot have a numeric name.
   ╭─[misc/fail/oxc-4449-2.ts:1:11]
 1 │ enum B { [1] } // An enum member cannot have a numeric name.
   ·           ─
   ╰────

  × TS(2452): An enum member cannot have a numeric name.
   ╭─[misc/fail/oxc-4449-3.ts:1:10]
 1 │ enum C { 1 } // An enum member cannot have a numeric name.
   ·          ─
   ╰────

  × TS(1164): Computed property names are not allowed in enums.
   ╭─[misc/fail/oxc-4449-4.ts:1:11]
 1 │ enum D { [`test${foo}`] } // Computed property names are not allowed in enums.
   ·           ────────────
   ╰────

  × TS(1164): Computed property names are not allowed in enums.
   ╭─[misc/fail/oxc-4449-5.ts:1:10]
 1 │ enum E { `baz` = 2 } // Enum member expected.
   ·          ─────
   ╰────

  × TS(1164): Computed property names are not allowed in enums.
   ╭─[misc/fail/oxc-4449-6.ts:1:11]
 1 │ enum F { ['baz' + 'baz']  // Computed property names are not allowed in enums.
   ·           ─────────────
   ╰────

  × Label `Test` has already been declared
   ╭─[misc/fail/oxc-5036.js:1:1]
 1 │ Test: {
   · ──┬─
   ·   ╰── `Test` has already been declared here
 2 │   Test: console.log("Test");
   ·   ──┬─
   ·     ╰── It can not be redeclared here
 3 │ }
   ╰────

  × TS(1276): An 'accessor' property cannot be declared optional.
   ╭─[misc/fail/oxc-5177.ts:4:15]
 3 │ export class Bang {
 4 │     accessor x?: Foo
   ·               ─
 5 │ }
   ╰────

  × Unexpected token
   ╭─[misc/fail/oxc-5355.jsx:1:6]
 1 │ <Foo.bar-baz />
   ·      ───────
   ╰────

  × Unexpected token
   ╭─[misc/fail/oxc-5955-1.ts:1:8]
 1 │ const x?: number = 1;
   ·        ─
 2 │ 
   ╰────

  × Unexpected token
   ╭─[misc/fail/oxc-5955-2.ts:3:8]
 2 │ interface B {
 3 │     e()?: number;
   ·        ─
 4 │ }
   ╰────

  × TS(1021): An index signature must have a type annotation.
   ╭─[misc/fail/oxc-5955-3.ts:2:5]
 1 │ class A {
 2 │     [key: string]?: number;
   ·     ─────────────
 3 │ }
   ╰────

  × Private field 'x' must be declared in an enclosing class
   ╭─[misc/fail/oxc-7582.js:4:9]
 3 │   method() {
 4 │     obj.#x;
   ·         ──
 5 │   }
   ╰────

  × Unexpected token
   ╭─[misc/fail/oxc-9497.js:2:8]
 1 │ let repro = {};
 2 │ repro.f?.
   ·        ──
   ╰────

  × Unexpected token
   ╭─[misc/fail/oxc-9525-1.js:1:2]
 1 │ x?.;
   ·  ──
   ╰────

  × Unexpected token
   ╭─[misc/fail/oxc-9525-2.js:1:3]
 1 │ [x?.];
   ·   ──
   ╰────

  × Unexpected token
   ╭─[misc/fail/oxc-9525-3.js:2:4]
 1 │ () => {
 2 │   x?.
   ·    ──
 3 │ }
   ╰────

  × The keyword 'let' is reserved
   ╭─[misc/fail/oxc.js:3:1]
 2 │ 
 3 │ let.a = 1;
   · ───
 4 │ let()[a] = 1;
   ╰────

  × The keyword 'let' is reserved
   ╭─[misc/fail/oxc.js:4:1]
 3 │ let.a = 1;
 4 │ let()[a] = 1;
   · ───
   ╰────
